Archive member included because of file (symbol)

c:/program files (x86)/gnu tools arm embedded/4.9 2015q3/bin/../lib/gcc/arm-none-eabi/4.9.3/../../../../arm-none-eabi/lib/armv7e-m/fpu\libc_nano.a(lib_a-atoi.o)
                              _build/nrf52832_xxaa/nrf52SDKWrap.c.o (atoi)
c:/program files (x86)/gnu tools arm embedded/4.9 2015q3/bin/../lib/gcc/arm-none-eabi/4.9.3/../../../../arm-none-eabi/lib/armv7e-m/fpu\libc_nano.a(lib_a-ctype_.o)
                              _build/nrf52832_xxaa/nrf_log_str_formatter.c.o (__ctype_ptr__)
c:/program files (x86)/gnu tools arm embedded/4.9 2015q3/bin/../lib/gcc/arm-none-eabi/4.9.3/../../../../arm-none-eabi/lib/armv7e-m/fpu\libc_nano.a(lib_a-exit.o)
                              c:/program files (x86)/gnu tools arm embedded/4.9 2015q3/bin/../lib/gcc/arm-none-eabi/4.9.3/../../../../arm-none-eabi/lib/armv7e-m/fpu/crt0.o (exit)
c:/program files (x86)/gnu tools arm embedded/4.9 2015q3/bin/../lib/gcc/arm-none-eabi/4.9.3/../../../../arm-none-eabi/lib/armv7e-m/fpu\libc_nano.a(lib_a-impure.o)
                              c:/program files (x86)/gnu tools arm embedded/4.9 2015q3/bin/../lib/gcc/arm-none-eabi/4.9.3/../../../../arm-none-eabi/lib/armv7e-m/fpu\libc_nano.a(lib_a-exit.o) (_global_impure_ptr)
c:/program files (x86)/gnu tools arm embedded/4.9 2015q3/bin/../lib/gcc/arm-none-eabi/4.9.3/../../../../arm-none-eabi/lib/armv7e-m/fpu\libc_nano.a(lib_a-init.o)
                              c:/program files (x86)/gnu tools arm embedded/4.9 2015q3/bin/../lib/gcc/arm-none-eabi/4.9.3/../../../../arm-none-eabi/lib/armv7e-m/fpu/crt0.o (__libc_init_array)
c:/program files (x86)/gnu tools arm embedded/4.9 2015q3/bin/../lib/gcc/arm-none-eabi/4.9.3/../../../../arm-none-eabi/lib/armv7e-m/fpu\libc_nano.a(lib_a-memcpy.o)
                              _build/nrf52832_xxaa/nrf_log_frontend.c.o (memcpy)
c:/program files (x86)/gnu tools arm embedded/4.9 2015q3/bin/../lib/gcc/arm-none-eabi/4.9.3/../../../../arm-none-eabi/lib/armv7e-m/fpu\libc_nano.a(lib_a-memset.o)
                              c:/program files (x86)/gnu tools arm embedded/4.9 2015q3/bin/../lib/gcc/arm-none-eabi/4.9.3/../../../../arm-none-eabi/lib/armv7e-m/fpu/crt0.o (memset)
c:/program files (x86)/gnu tools arm embedded/4.9 2015q3/bin/../lib/gcc/arm-none-eabi/4.9.3/../../../../arm-none-eabi/lib/armv7e-m/fpu\libc_nano.a(lib_a-printf.o)
                              _build/nrf52832_xxaa/main.c.o (printf)
c:/program files (x86)/gnu tools arm embedded/4.9 2015q3/bin/../lib/gcc/arm-none-eabi/4.9.3/../../../../arm-none-eabi/lib/armv7e-m/fpu\libc_nano.a(lib_a-scanf.o)
                              _build/nrf52832_xxaa/nrf52SDKWrap.c.o (scanf)
c:/program files (x86)/gnu tools arm embedded/4.9 2015q3/bin/../lib/gcc/arm-none-eabi/4.9.3/../../../../arm-none-eabi/lib/armv7e-m/fpu\libc_nano.a(lib_a-strcmp.o)
                              _build/nrf52832_xxaa/main.c.o (strcmp)
c:/program files (x86)/gnu tools arm embedded/4.9 2015q3/bin/../lib/gcc/arm-none-eabi/4.9.3/../../../../arm-none-eabi/lib/armv7e-m/fpu\libc_nano.a(lib_a-strcpy.o)
                              _build/nrf52832_xxaa/SEGGER_RTT.c.o (strcpy)
c:/program files (x86)/gnu tools arm embedded/4.9 2015q3/bin/../lib/gcc/arm-none-eabi/4.9.3/../../../../arm-none-eabi/lib/armv7e-m/fpu\libc_nano.a(lib_a-strlen.o)
                              _build/nrf52832_xxaa/nrf_log_frontend.c.o (strlen)
c:/program files (x86)/gnu tools arm embedded/4.9 2015q3/bin/../lib/gcc/arm-none-eabi/4.9.3/../../../../arm-none-eabi/lib/armv7e-m/fpu\libc_nano.a(lib_a-strncpy.o)
                              _build/nrf52832_xxaa/nrf52SDKWrap.c.o (strncpy)
c:/program files (x86)/gnu tools arm embedded/4.9 2015q3/bin/../lib/gcc/arm-none-eabi/4.9.3/../../../../arm-none-eabi/lib/armv7e-m/fpu\libc_nano.a(lib_a-strstr.o)
                              _build/nrf52832_xxaa/main.c.o (strstr)
c:/program files (x86)/gnu tools arm embedded/4.9 2015q3/bin/../lib/gcc/arm-none-eabi/4.9.3/../../../../arm-none-eabi/lib/armv7e-m/fpu\libc_nano.a(lib_a-strtol.o)
                              c:/program files (x86)/gnu tools arm embedded/4.9 2015q3/bin/../lib/gcc/arm-none-eabi/4.9.3/../../../../arm-none-eabi/lib/armv7e-m/fpu\libc_nano.a(lib_a-atoi.o) (_strtol_r)
c:/program files (x86)/gnu tools arm embedded/4.9 2015q3/bin/../lib/gcc/arm-none-eabi/4.9.3/../../../../arm-none-eabi/lib/armv7e-m/fpu\libc_nano.a(lib_a-findfp.o)
                              c:/program files (x86)/gnu tools arm embedded/4.9 2015q3/bin/../lib/gcc/arm-none-eabi/4.9.3/../../../../arm-none-eabi/lib/armv7e-m/fpu\libc_nano.a(lib_a-printf.o) (__sinit)
c:/program files (x86)/gnu tools arm embedded/4.9 2015q3/bin/../lib/gcc/arm-none-eabi/4.9.3/../../../../arm-none-eabi/lib/armv7e-m/fpu\libc_nano.a(lib_a-fwalk.o)
                              c:/program files (x86)/gnu tools arm embedded/4.9 2015q3/bin/../lib/gcc/arm-none-eabi/4.9.3/../../../../arm-none-eabi/lib/armv7e-m/fpu\libc_nano.a(lib_a-findfp.o) (_fwalk)
[...]
Memory Configuration

Name             Origin             Length             Attributes
FLASH            0x00023000         0x0005d000         xr
RAM              0x20002a68         0x0000d598         xrw
*default*        0x00000000         0xffffffff

Linker script and memory map


.text           0x00023000     0xa590
 *(.isr_vector)
 .isr_vector    0x00023000      0x200 _build/nrf52832_xxaa/gcc_startup_nrf52.S.o
                0x00023000                __isr_vector
 *(.text*)
 .text          0x00023200       0x5c c:/program files (x86)/gnu tools arm embedded/4.9 2015q3/bin/../lib/gcc/arm-none-eabi/4.9.3/armv7e-m/fpu/crtbegin.o
 .text          0x0002325c       0x74 c:/program files (x86)/gnu tools arm embedded/4.9 2015q3/bin/../lib/gcc/arm-none-eabi/4.9.3/../../../../arm-none-eabi/lib/armv7e-m/fpu/crt0.o
                0x0002325c                _start
                0x0002325c                _mainCRTStartup
 .text.nrf_log_backend_rtt_flush
                0x000232d0        0x4 _build/nrf52832_xxaa/nrf_log_backend_rtt.c.o
 .text.nrf_log_backend_rtt_panic_set
                0x000232d4        0x4 _build/nrf52832_xxaa/nrf_log_backend_rtt.c.o
 .text.nrf_log_backend_rtt_put
                0x000232d8       0x20 _build/nrf52832_xxaa/nrf_log_backend_rtt.c.o
 .text.serial_tx
                0x000232f8       0x28 _build/nrf52832_xxaa/nrf_log_backend_rtt.c.o
 .text.nrf_log_backend_rtt_init
                0x00023320        0x4 _build/nrf52832_xxaa/nrf_log_backend_rtt.c.o
                0x00023320                nrf_log_backend_rtt_init
 .text.nrf_log_backend_serial_put
                0x00023324       0xe0 _build/nrf52832_xxaa/nrf_log_backend_serial.c.o
                0x00023324                nrf_log_backend_serial_put
 .text.nrf_log_default_backends_init
                0x00023404       0x1c _build/nrf52832_xxaa/nrf_log_default_backends.c.o
                0x00023404                nrf_log_default_backends_init
 .text.nrf_log_init
                0x00023420       0x58 _build/nrf52832_xxaa/nrf_log_frontend.c.o
                0x00023420                nrf_log_init
 .text.nrf_log_module_name_get
                0x00023478       0x58 _build/nrf52832_xxaa/nrf_log_frontend.c.o
                0x00023478                nrf_log_module_name_get
 .text.nrf_log_color_id_get
                0x000234d0       0x20 _build/nrf52832_xxaa/nrf_log_frontend.c.o
                0x000234d0                nrf_log_color_id_get
 .text.nrf_log_frontend_dequeue
                0x000234f0      0x220 _build/nrf52832_xxaa/nrf_log_frontend.c.o
                0x000234f0                nrf_log_frontend_dequeue
 .text.nrf_log_frontend_std_0
                0x00023710      0x168 _build/nrf52832_xxaa/nrf_log_frontend.c.o
                0x00023710                nrf_log_frontend_std_0
 .text.nrf_log_frontend_std_1
                0x00023878      0x17c _build/nrf52832_xxaa/nrf_log_frontend.c.o
                0x00023878                nrf_log_frontend_std_1
 .text.nrf_log_frontend_std_2
                0x000239f4      0x18c _build/nrf52832_xxaa/nrf_log_frontend.c.o
                0x000239f4                nrf_log_frontend_std_2
 .text.nrf_log_backend_add
                0x00023b80       0x58 _build/nrf52832_xxaa/nrf_log_frontend.c.o
                0x00023b80                nrf_log_backend_add
 .text.nrf_log_panic
                0x00023bd8       0x28 _build/nrf52832_xxaa/nrf_log_frontend.c.o
                0x00023bd8                nrf_log_panic
 .text.nrf_log_std_entry_process
                0x00023c00      0x130 _build/nrf52832_xxaa/nrf_log_str_formatter.c.o
                0x00023c00                nrf_log_std_entry_process
 .text.nrf_log_hexdump_entry_process
                0x00023d30      0x124 _build/nrf52832_xxaa/nrf_log_str_formatter.c.o
                0x00023d30                nrf_log_hexdump_entry_process
 .text.detection_delay_timeout_handler
                0x00023e54       0xa4 _build/nrf52832_xxaa/app_button.c.o
 .text.gpiote_event_handler
                0x00023ef8       0x5c _build/nrf52832_xxaa/app_button.c.o
 .text.app_button_init
                0x00023f54       0xb0 _build/nrf52832_xxaa/app_button.c.o
                0x00023f54                app_button_init
 .text.app_button_enable
                0x00024004       0x2c _build/nrf52832_xxaa/app_button.c.o
                0x00024004                app_button_enable
 .text.app_error_handler_bare
                0x00024030       0x20 _build/nrf52832_xxaa/app_error.c.o
                0x00024030                app_error_handler_bare
 .text.app_error_fault_handler
                0x00024050       0x68 _build/nrf52832_xxaa/app_error_weak.c.o
                0x00024050                app_error_fault_handler
 .text.app_fifo_init
                0x000240b8       0x20 _build/nrf52832_xxaa/app_fifo.c.o
                0x000240b8                app_fifo_init
 .text.app_fifo_put
                0x000240d8       0x30 _build/nrf52832_xxaa/app_fifo.c.o
                0x000240d8                app_fifo_put
 .text.app_fifo_get
                0x00024108       0x2c _build/nrf52832_xxaa/app_fifo.c.o
                0x00024108                app_fifo_get
 .text.RTC1_IRQHandler
                0x00024134       0xa0 _build/nrf52832_xxaa/app_timer.c.o
                0x00024134                RTC1_IRQHandler
 .text.SWI0_EGU0_IRQHandler
                0x000241d4      0x610 _build/nrf52832_xxaa/app_timer.c.o
                0x000241d4                SWI0_EGU0_IRQHandler
 .text.app_timer_init
                0x000247e4      0x194 _build/nrf52832_xxaa/app_timer.c.o
                0x000247e4                app_timer_init
 .text.app_timer_create
                0x00024978       0x24 _build/nrf52832_xxaa/app_timer.c.o
                0x00024978                app_timer_create
 .text.app_timer_start
                0x0002499c       0xb4 _build/nrf52832_xxaa/app_timer.c.o
                0x0002499c                app_timer_start
 .text.app_timer_stop
                0x00024a50       0x78 _build/nrf52832_xxaa/app_timer.c.o
                0x00024a50                app_timer_stop
 .text.uart_event_handler
                0x00024ac8       0xc8 _build/nrf52832_xxaa/app_uart_fifo.c.o
 .text.app_uart_init
                0x00024b90       0xec _build/nrf52832_xxaa/app_uart_fifo.c.o
                0x00024b90                app_uart_init
 .text.app_uart_get
                0x00024c7c       0x40 _build/nrf52832_xxaa/app_uart_fifo.c.o
                0x00024c7c                app_uart_get
 .text.app_uart_put
                0x00024cbc       0x44 _build/nrf52832_xxaa/app_uart_fifo.c.o
                0x00024cbc                app_uart_put
 .text.app_util_critical_region_enter
                0x00024d00       0x50 _build/nrf52832_xxaa/app_util_platform.c.o
                0x00024d00                app_util_critical_region_enter
 .text.app_util_critical_region_exit
                0x00024d50       0x30 _build/nrf52832_xxaa/app_util_platform.c.o
                0x00024d50                app_util_critical_region_exit
 .text.nrf_atfifo_item_get
                0x00024d80       0x60 _build/nrf52832_xxaa/nrf_atfifo.c.o
                0x00024d80                nrf_atfifo_item_get
 .text.nrf_atfifo_item_free
                0x00024de0       0x20 _build/nrf52832_xxaa/nrf_atfifo.c.o
                0x00024de0                nrf_atfifo_item_free
 .text.nrf_balloc_init
                0x00024e00       0x38 _build/nrf52832_xxaa/nrf_balloc.c.o
                0x00024e00                nrf_balloc_init
 .text.nrf_balloc_alloc
                0x00024e38       0x50 _build/nrf52832_xxaa/nrf_balloc.c.o
                0x00024e38                nrf_balloc_alloc
 .text.nrf_balloc_free
                0x00024e88       0x38 _build/nrf52832_xxaa/nrf_balloc.c.o
                0x00024e88                nrf_balloc_free
 .text.nrf_fprintf_buffer_flush
                0x00024ec0       0x18 _build/nrf52832_xxaa/nrf_fprintf.c.o
                0x00024ec0                nrf_fprintf_buffer_flush
 .text.nrf_fprintf
                0x00024ed8       0x20 _build/nrf52832_xxaa/nrf_fprintf.c.o
                0x00024ed8                nrf_fprintf
 .text.unsigned_print
                0x00024ef8      0x108 _build/nrf52832_xxaa/nrf_fprintf_format.c.o
 .text.nrf_fprintf_fmt
                0x00025000      0x500 _build/nrf52832_xxaa/nrf_fprintf_format.c.o
                0x00025000                nrf_fprintf_fmt
 .text.nrf_fstorage_is_busy
                0x00025500       0x4c _build/nrf52832_xxaa/nrf_fstorage.c.o
                0x00025500                nrf_fstorage_is_busy
 .text.sd_flash_write
                0x0002554c        0x4 _build/nrf52832_xxaa/nrf_fstorage_sd.c.o
 .text.sd_flash_page_erase
                0x00025550        0x4 _build/nrf52832_xxaa/nrf_fstorage_sd.c.o
 .text.nrf_fstorage_sdh_req_handler
                0x00025554       0x14 _build/nrf52832_xxaa/nrf_fstorage_sd.c.o
                0x00025554                nrf_fstorage_sdh_req_handler
 .text.queue_process
                0x00025568       0xe8 _build/nrf52832_xxaa/nrf_fstorage_sd.c.o
 .text.nrf_fstorage_sys_evt_handler
                0x00025650       0xe8 _build/nrf52832_xxaa/nrf_fstorage_sd.c.o
                0x00025650                nrf_fstorage_sys_evt_handler
 .text.nrf_fstorage_sdh_state_handler
                0x00025738      0x100 _build/nrf52832_xxaa/nrf_fstorage_sd.c.o
                0x00025738                nrf_fstorage_sdh_state_handler
 .text.nrf_memobj_pool_init
                0x00025838        0x4 _build/nrf52832_xxaa/nrf_memobj.c.o
                0x00025838                nrf_memobj_pool_init
 .text.nrf_memobj_alloc
                0x0002583c       0x8c _build/nrf52832_xxaa/nrf_memobj.c.o
                0x0002583c                nrf_memobj_alloc
 .text.nrf_memobj_get
                0x000258c8       0x20 _build/nrf52832_xxaa/nrf_memobj.c.o
                0x000258c8                nrf_memobj_get
 .text.nrf_memobj_put
                0x000258e8       0x4c _build/nrf52832_xxaa/nrf_memobj.c.o
                0x000258e8                nrf_memobj_put
 .text.nrf_memobj_write
                0x00025934       0x50 _build/nrf52832_xxaa/nrf_memobj.c.o
                0x00025934                nrf_memobj_write
 .text.nrf_memobj_read
                0x00025984       0x50 _build/nrf52832_xxaa/nrf_memobj.c.o
                0x00025984                nrf_memobj_read
 .text.nrf_section_iter_init
                0x000259d4       0x14 _build/nrf52832_xxaa/nrf_section_iter.c.o
                0x000259d4                nrf_section_iter_init
 .text.nrf_section_iter_next
                0x000259e8       0x18 _build/nrf52832_xxaa/nrf_section_iter.c.o
                0x000259e8                nrf_section_iter_next
 .text.nrf_strerror_get
                0x00025a00       0x6c _build/nrf52832_xxaa/nrf_strerror.c.o
                0x00025a00                nrf_strerror_get
 .text._write   0x00025a6c       0x1c _build/nrf52832_xxaa/retarget.c.o
                0x00025a6c                _write
 .text._read    0x00025a88       0x14 _build/nrf52832_xxaa/retarget.c.o
                0x00025a88                _read
 .text.sdk_mapped_flags_first_key_index_get
                0x00025a9c       0x2c _build/nrf52832_xxaa/sdk_mapped_flags.c.o
                0x00025a9c                sdk_mapped_flags_first_key_index_get
 .text.sdk_mapped_flags_update_by_key
                0x00025ac8       0x3c _build/nrf52832_xxaa/sdk_mapped_flags.c.o
                0x00025ac8                sdk_mapped_flags_update_by_key
 .text.sdk_mapped_flags_bulk_update_by_key
                0x00025b04       0x58 _build/nrf52832_xxaa/sdk_mapped_flags.c.o
                0x00025b04                sdk_mapped_flags_bulk_update_by_key
 .text.sdk_mapped_flags_key_list_get
                0x00025b5c       0x34 _build/nrf52832_xxaa/sdk_mapped_flags.c.o
                0x00025b5c                sdk_mapped_flags_key_list_get
 .text.bsp_board_led_state_get
                0x00025b90       0x1c _build/nrf52832_xxaa/boards.c.o
                0x00025b90                bsp_board_led_state_get
 .text.bsp_board_led_on
                0x00025bac       0x18 _build/nrf52832_xxaa/boards.c.o
                0x00025bac                bsp_board_led_on
 .text.bsp_board_led_off
                0x00025bc4       0x18 _build/nrf52832_xxaa/boards.c.o
                0x00025bc4                bsp_board_led_off
 .text.bsp_board_leds_off
                0x00025bdc       0x2c _build/nrf52832_xxaa/boards.c.o
                0x00025bdc                bsp_board_leds_off
 .text.bsp_board_leds_on
                0x00025c08       0x2c _build/nrf52832_xxaa/boards.c.o
                0x00025c08                bsp_board_leds_on
 .text.bsp_board_led_invert
                0x00025c34       0x24 _build/nrf52832_xxaa/boards.c.o
                0x00025c34                bsp_board_led_invert
 .text.bsp_board_leds_init
                0x00025c58       0x3c _build/nrf52832_xxaa/boards.c.o
                0x00025c58                bsp_board_leds_init
 .text.bsp_board_button_state_get
                0x00025c94       0x1c _build/nrf52832_xxaa/boards.c.o
                0x00025c94                bsp_board_button_state_get
 .text.bsp_board_pin_to_button_idx
                0x00025cb0       0x24 _build/nrf52832_xxaa/boards.c.o
                0x00025cb0                bsp_board_pin_to_button_idx
 .text.bsp_board_button_idx_to_pin
                0x00025cd4        0xc _build/nrf52832_xxaa/boards.c.o
                0x00025cd4                bsp_board_button_idx_to_pin
 .text.soc_evt_handler
                0x00025ce0       0x24 _build/nrf52832_xxaa/nrf_drv_clock.c.o
 .text.sd_state_evt_handler
                0x00025d04       0xc0 _build/nrf52832_xxaa/nrf_drv_clock.c.o
 .text.POWER_CLOCK_IRQHandler
                0x00025dc4       0x84 _build/nrf52832_xxaa/nrf_drv_clock.c.o
                0x00025dc4                POWER_CLOCK_IRQHandler
 .text.nrf_drv_common_irq_enable
                0x00025e48       0x50 _build/nrf52832_xxaa/nrf_drv_common.c.o
                0x00025e48                nrf_drv_common_irq_enable
 .text.nrf_drv_gpiote_init
                0x00025e98       0x84 _build/nrf52832_xxaa/nrf_drv_gpiote.c.o
                0x00025e98                nrf_drv_gpiote_init
 .text.nrf_drv_gpiote_is_init
                0x00025f1c       0x14 _build/nrf52832_xxaa/nrf_drv_gpiote.c.o
                0x00025f1c                nrf_drv_gpiote_is_init
 .text.nrf_drv_gpiote_in_init
                0x00025f30      0x194 _build/nrf52832_xxaa/nrf_drv_gpiote.c.o
                0x00025f30                nrf_drv_gpiote_in_init
 .text.nrf_drv_gpiote_in_event_enable
                0x000260c4       0xc4 _build/nrf52832_xxaa/nrf_drv_gpiote.c.o
                0x000260c4                nrf_drv_gpiote_in_event_enable
 .text.nrf_drv_gpiote_in_is_set
                0x00026188       0x14 _build/nrf52832_xxaa/nrf_drv_gpiote.c.o
                0x00026188                nrf_drv_gpiote_in_is_set
 .text.GPIOTE_IRQHandler
                0x0002619c      0x2c8 _build/nrf52832_xxaa/nrf_drv_gpiote.c.o
                0x0002619c                GPIOTE_IRQHandler
 .text.nrf_drv_uart_init
                0x00026464      0x1dc _build/nrf52832_xxaa/nrf_drv_uart.c.o
                0x00026464                nrf_drv_uart_init
 .text.nrf_drv_uart_tx
                0x00026640      0x174 _build/nrf52832_xxaa/nrf_drv_uart.c.o
                0x00026640                nrf_drv_uart_tx
 .text.nrf_drv_uart_tx_in_progress
                0x000267b4       0x18 _build/nrf52832_xxaa/nrf_drv_uart.c.o
                0x000267b4                nrf_drv_uart_tx_in_progress
 .text.nrf_drv_uart_rx
                0x000267cc      0x254 _build/nrf52832_xxaa/nrf_drv_uart.c.o
                0x000267cc                nrf_drv_uart_rx
 .text.nrf_drv_uart_rx_enable
                0x00026a20       0x4c _build/nrf52832_xxaa/nrf_drv_uart.c.o
                0x00026a20                nrf_drv_uart_rx_enable
 .text.UARTE0_UART0_IRQHandler
                0x00026a6c      0x2fc _build/nrf52832_xxaa/nrf_drv_uart.c.o
                0x00026a6c                UARTE0_UART0_IRQHandler
 .text.alert_timer_handler
                0x00026d68        0x8 _build/nrf52832_xxaa/bsp.c.o
 .text.bsp_button_event_handler
                0x00026d70       0xa4 _build/nrf52832_xxaa/bsp.c.o
 .text.button_timer_handler
                0x00026e14       0x30 _build/nrf52832_xxaa/bsp.c.o
 .text.leds_timer_handler
                0x00026e44      0x2e8 _build/nrf52832_xxaa/bsp.c.o
 .text.bsp_button_is_pressed
                0x0002712c        0x4 _build/nrf52832_xxaa/bsp.c.o
                0x0002712c                bsp_button_is_pressed
 .text.bsp_indication_set
                0x00027130      0x32c _build/nrf52832_xxaa/bsp.c.o
                0x00027130                bsp_indication_set
 .text.bsp_init
                0x0002745c       0xb0 _build/nrf52832_xxaa/bsp.c.o
                0x0002745c                bsp_init
 .text.bsp_event_to_button_action_assign
                0x0002750c       0x50 _build/nrf52832_xxaa/bsp.c.o
                0x0002750c                bsp_event_to_button_action_assign
 .text.bsp_wakeup_button_enable
                0x0002755c       0x28 _build/nrf52832_xxaa/bsp.c.o
                0x0002755c                bsp_wakeup_button_enable
 .text.ble_evt_handler
                0x00027584       0xb0 _build/nrf52832_xxaa/bsp_btn_ble.c.o
 .text.bsp_btn_ble_sleep_mode_prepare
                0x00027634       0x24 _build/nrf52832_xxaa/bsp_btn_ble.c.o
                0x00027634                bsp_btn_ble_sleep_mode_prepare
 .text.bsp_btn_ble_init
                0x00027658       0x74 _build/nrf52832_xxaa/bsp_btn_ble.c.o
                0x00027658                bsp_btn_ble_init
 .text.nus_data_handler2
                0x000276cc       0x9c _build/nrf52832_xxaa/main.c.o
                0x000276cc                nus_data_handler2
 .text.startup.main
                0x00027768      0x128 _build/nrf52832_xxaa/main.c.o
                0x00027768                main
 .text.SEGGER_RTT_WriteNoLock
                0x00027890      0x18c _build/nrf52832_xxaa/SEGGER_RTT.c.o
                0x00027890                SEGGER_RTT_WriteNoLock
 .text.SEGGER_RTT_Init
                0x00027a1c       0x60 _build/nrf52832_xxaa/SEGGER_RTT.c.o
                0x00027a1c                SEGGER_RTT_Init
 .text.sd_ble_gap_addr_get
                0x00027a7c        0x4 _build/nrf52832_xxaa/ble_advdata.c.o
 .text.sd_ble_gap_adv_data_set
                0x00027a80        0x4 _build/nrf52832_xxaa/ble_advdata.c.o
 .text.sd_ble_gap_appearance_get
                0x00027a84        0x4 _build/nrf52832_xxaa/ble_advdata.c.o
 .text.sd_ble_gap_device_name_get
                0x00027a88        0x4 _build/nrf52832_xxaa/ble_advdata.c.o
 .text.sd_ble_uuid_encode
                0x00027a8c        0x4 _build/nrf52832_xxaa/ble_advdata.c.o
 .text.name_encode
                0x00027a90       0x90 _build/nrf52832_xxaa/ble_advdata.c.o
 .text.uuid_list_sized_encode
                0x00027b20       0xc0 _build/nrf52832_xxaa/ble_advdata.c.o
 .text.ble_advdata_encode
                0x00027be0      0x37c _build/nrf52832_xxaa/ble_advdata.c.o
                0x00027be0                ble_advdata_encode
 .text.ble_advdata_set
                0x00027f5c      0x460 _build/nrf52832_xxaa/ble_advdata.c.o
                0x00027f5c                ble_advdata_set
 .text.sd_ble_gap_adv_start
                0x000283bc        0x4 _build/nrf52832_xxaa/ble_advertising.c.o
 .text.sd_ble_gap_adv_stop
                0x000283c0        0x4 _build/nrf52832_xxaa/ble_advertising.c.o
 .text.ble_advertising_conn_cfg_tag_set
                0x000283c4        0x8 _build/nrf52832_xxaa/ble_advertising.c.o
                0x000283c4                ble_advertising_conn_cfg_tag_set
 .text.ble_advertising_init
                0x000283cc      0x160 _build/nrf52832_xxaa/ble_advertising.c.o
                0x000283cc                ble_advertising_init
 .text.ble_advertising_start
                0x0002852c      0x210 _build/nrf52832_xxaa/ble_advertising.c.o
                0x0002852c                ble_advertising_start
 .text.ble_advertising_on_ble_evt
                0x0002873c       0x80 _build/nrf52832_xxaa/ble_advertising.c.o
                0x0002873c                ble_advertising_on_ble_evt
 .text.ble_advertising_on_sys_evt
                0x000287bc      0x21c _build/nrf52832_xxaa/ble_advertising.c.o
                0x000287bc                ble_advertising_on_sys_evt
 .text.ble_advertising_restart_without_whitelist
                0x000289d8      0x254 _build/nrf52832_xxaa/ble_advertising.c.o
                0x000289d8                ble_advertising_restart_without_whitelist
 .text.sd_ble_gap_conn_param_update
                0x00028c2c        0x4 _build/nrf52832_xxaa/ble_conn_params.c.o
 .text.sd_ble_gap_disconnect
                0x00028c30        0x4 _build/nrf52832_xxaa/ble_conn_params.c.o
 .text.sd_ble_gap_ppcp_set
                0x00028c34        0x4 _build/nrf52832_xxaa/ble_conn_params.c.o
 .text.sd_ble_gap_ppcp_get
                0x00028c38        0x4 _build/nrf52832_xxaa/ble_conn_params.c.o
 .text.update_timeout_handler
                0x00028c3c       0x80 _build/nrf52832_xxaa/ble_conn_params.c.o
 .text.ble_evt_handler
                0x00028cbc      0x200 _build/nrf52832_xxaa/ble_conn_params.c.o
 .text.ble_conn_params_init
                0x00028ebc       0x80 _build/nrf52832_xxaa/ble_conn_params.c.o
                0x00028ebc                ble_conn_params_init
 .text.ble_evt_handler
                0x00028f3c      0x110 _build/nrf52832_xxaa/ble_conn_state.c.o
 .text.ble_srv_is_notification_enabled
                0x0002904c        0x8 _build/nrf52832_xxaa/ble_srv_common.c.o
                0x0002904c                ble_srv_is_notification_enabled
 .text.sd_ble_gap_data_length_update
                0x00029054        0x4 _build/nrf52832_xxaa/nrf_ble_gatt.c.o
 .text.sd_ble_gattc_exchange_mtu_request
                0x00029058        0x4 _build/nrf52832_xxaa/nrf_ble_gatt.c.o
 .text.sd_ble_gatts_exchange_mtu_reply
                0x0002905c        0x4 _build/nrf52832_xxaa/nrf_ble_gatt.c.o
 .text.nrf_ble_gatt_init
                0x00029060       0x2c _build/nrf52832_xxaa/nrf_ble_gatt.c.o
                0x00029060                nrf_ble_gatt_init
 .text.nrf_ble_gatt_att_mtu_periph_set
                0x0002908c       0x18 _build/nrf52832_xxaa/nrf_ble_gatt.c.o
                0x0002908c                nrf_ble_gatt_att_mtu_periph_set
 .text.nrf_ble_gatt_on_ble_evt
                0x000290a4      0x214 _build/nrf52832_xxaa/nrf_ble_gatt.c.o
                0x000290a4                nrf_ble_gatt_on_ble_evt
 .text          0x000292b8       0x3c _build/nrf52832_xxaa/gcc_startup_nrf52.S.o
                0x000292b8                Reset_Handler
                0x000292e0                NMI_Handler
                0x000292e2                HardFault_Handler
                0x000292e4                MemoryManagement_Handler
                0x000292e6                BusFault_Handler
                0x000292e8                UsageFault_Handler
                0x000292ea                SVC_Handler
                0x000292ec                DebugMon_Handler
                0x000292ee                PendSV_Handler
                0x000292f0                SysTick_Handler
                0x000292f2                TEMP_IRQHandler
                0x000292f2                QDEC_IRQHandler
                0x000292f2                TIMER3_IRQHandler
                0x000292f2                FPU_IRQHandler
                0x000292f2                SPIM0_SPIS0_TWIM0_TWIS0_SPI0_TWI0_IRQHandler
                0x000292f2                PDM_IRQHandler
                0x000292f2                TIMER4_IRQHandler
                0x000292f2                I2S_IRQHandler
                0x000292f2                SWI4_EGU4_IRQHandler
                0x000292f2                TIMER0_IRQHandler
                0x000292f2                RADIO_IRQHandler
                0x000292f2                RTC0_IRQHandler
                0x000292f2                PWM2_IRQHandler
                0x000292f2                ECB_IRQHandler
                0x000292f2                SPIM1_SPIS1_TWIM1_TWIS1_SPI1_TWI1_IRQHandler
                0x000292f2                Default_Handler
                0x000292f2                SAADC_IRQHandler
                0x000292f2                CCM_AAR_IRQHandler
                0x000292f2                WDT_IRQHandler
                0x000292f2                PWM1_IRQHandler
                0x000292f2                SWI5_EGU5_IRQHandler
                0x000292f2                RNG_IRQHandler
                0x000292f2                RTC2_IRQHandler
                0x000292f2                PWM0_IRQHandler
                0x000292f2                SWI3_EGU3_IRQHandler
                0x000292f2                SWI1_EGU1_IRQHandler
                0x000292f2                SPIM2_SPIS2_SPI2_IRQHandler
                0x000292f2                NFCT_IRQHandler
                0x000292f2                TIMER1_IRQHandler
                0x000292f2                MWU_IRQHandler
                0x000292f2                TIMER2_IRQHandler
                0x000292f2                COMP_LPCOMP_IRQHandler
 .text.SystemInit
                0x000292f4      0x384 _build/nrf52832_xxaa/system_nrf52.c.o
                0x000292f4                SystemInit
 .text.sd_ble_gatts_service_add
                0x00029678        0x4 _build/nrf52832_xxaa/ble_nus.c.o
 .text.sd_ble_gatts_characteristic_add
                0x0002967c        0x4 _build/nrf52832_xxaa/ble_nus.c.o
 .text.sd_ble_gatts_hvx
                0x00029680        0x4 _build/nrf52832_xxaa/ble_nus.c.o
 .text.sd_ble_uuid_vs_add
                0x00029684        0x4 _build/nrf52832_xxaa/ble_nus.c.o
 .text.ble_nus_on_ble_evt
                0x00029688       0x9c _build/nrf52832_xxaa/ble_nus.c.o
                0x00029688                ble_nus_on_ble_evt
 .text.ble_nus_init
                0x00029724      0x1e0 _build/nrf52832_xxaa/ble_nus.c.o
                0x00029724                ble_nus_init
 .text.ble_nus_string_send
                0x00029904       0x54 _build/nrf52832_xxaa/ble_nus.c.o
                0x00029904                ble_nus_string_send
 .text.sd_softdevice_enable
                0x00029958        0x4 _build/nrf52832_xxaa/nrf_sdh.c.o
 .text.sd_softdevice_disable
                0x0002995c        0x4 _build/nrf52832_xxaa/nrf_sdh.c.o
 .text.nrf_sdh_enable_request
                0x00029960       0xfc _build/nrf52832_xxaa/nrf_sdh.c.o
                0x00029960                nrf_sdh_enable_request
 .text.nrf_sdh_request_continue
                0x00029a5c       0xc4 _build/nrf52832_xxaa/nrf_sdh.c.o
                0x00029a5c                nrf_sdh_request_continue
 .text.nrf_sdh_is_enabled
                0x00029b20        0xc _build/nrf52832_xxaa/nrf_sdh.c.o
                0x00029b20                nrf_sdh_is_enabled
 .text.SWI2_EGU2_IRQHandler
                0x00029b2c       0x2c _build/nrf52832_xxaa/nrf_sdh.c.o
                0x00029b2c                SWI2_EGU2_IRQHandler
 .text.sd_ble_enable
                0x00029b58        0x4 _build/nrf52832_xxaa/nrf_sdh_ble.c.o
 .text.sd_ble_cfg_set
                0x00029b5c        0x4 _build/nrf52832_xxaa/nrf_sdh_ble.c.o
 .text.sd_ble_evt_get
                0x00029b60        0x4 _build/nrf52832_xxaa/nrf_sdh_ble.c.o
 .text.nrf_sdh_ble_evts_poll
                0x00029b64       0x4c _build/nrf52832_xxaa/nrf_sdh_ble.c.o
 .text.nrf_sdh_ble_default_cfg_set
                0x00029bb0      0x1b0 _build/nrf52832_xxaa/nrf_sdh_ble.c.o
                0x00029bb0                nrf_sdh_ble_default_cfg_set
 .text.nrf_sdh_ble_enable
                0x00029d60       0x74 _build/nrf52832_xxaa/nrf_sdh_ble.c.o
                0x00029d60                nrf_sdh_ble_enable
 .text.sd_evt_get
                0x00029dd4        0x4 _build/nrf52832_xxaa/nrf_sdh_soc.c.o
 .text.nrf_sdh_soc_evts_poll
                0x00029dd8       0x4c _build/nrf52832_xxaa/nrf_sdh_soc.c.o
 .text.sd_ble_gap_disconnect
                0x00029e24        0x4 _build/nrf52832_xxaa/nrf52SDKWrap.c.o
 .text.sd_ble_gap_ppcp_set
                0x00029e28        0x4 _build/nrf52832_xxaa/nrf52SDKWrap.c.o
 .text.sd_ble_gap_device_name_set
                0x00029e2c        0x4 _build/nrf52832_xxaa/nrf52SDKWrap.c.o
 .text.sd_ble_gap_sec_params_reply
                0x00029e30        0x4 _build/nrf52832_xxaa/nrf52SDKWrap.c.o
 .text.sd_ble_gap_phy_update
                0x00029e34        0x4 _build/nrf52832_xxaa/nrf52SDKWrap.c.o
 .text.sd_ble_gap_data_length_update
                0x00029e38        0x4 _build/nrf52832_xxaa/nrf52SDKWrap.c.o
 .text.sd_ble_gatts_rw_authorize_reply
                0x00029e3c        0x4 _build/nrf52832_xxaa/nrf52SDKWrap.c.o
 .text.sd_ble_gatts_sys_attr_set
                0x00029e40        0x4 _build/nrf52832_xxaa/nrf52SDKWrap.c.o
 .text.sd_ble_user_mem_reply
                0x00029e44        0x4 _build/nrf52832_xxaa/nrf52SDKWrap.c.o
 .text.sd_app_evt_wait
                0x00029e48        0x4 _build/nrf52832_xxaa/nrf52SDKWrap.c.o
 .text.conn_params_error_handler
                0x00029e4c        0x4 _build/nrf52832_xxaa/nrf52SDKWrap.c.o
                0x00029e4c                conn_params_error_handler
 .text.ble_evt_handler
                0x00029e50      0x164 _build/nrf52832_xxaa/nrf52SDKWrap.c.o
                0x00029e50                ble_evt_handler
 .text.on_conn_params_evt
                0x00029fb4       0x24 _build/nrf52832_xxaa/nrf52SDKWrap.c.o
                0x00029fb4                on_conn_params_evt
 .text.gatt_evt_handler
                0x00029fd8       0x48 _build/nrf52832_xxaa/nrf52SDKWrap.c.o
                0x00029fd8                gatt_evt_handler
 .text.uart_event_handle
                0x0002a020       0x38 _build/nrf52832_xxaa/nrf52SDKWrap.c.o
                0x0002a020                uart_event_handle
 .text.on_adv_evt
                0x0002a058       0x30 _build/nrf52832_xxaa/nrf52SDKWrap.c.o
                0x0002a058                on_adv_evt
 .text.bsp_event_handler
                0x0002a088       0x64 _build/nrf52832_xxaa/nrf52SDKWrap.c.o
                0x0002a088                bsp_event_handler
 .text.gap_params_init
                0x0002a0ec       0x8c _build/nrf52832_xxaa/nrf52SDKWrap.c.o
                0x0002a0ec                gap_params_init
 .text.services_init
                0x0002a178       0x30 _build/nrf52832_xxaa/nrf52SDKWrap.c.o
                0x0002a178                services_init
 .text.conn_params_init
                0x0002a1a8       0x4c _build/nrf52832_xxaa/nrf52SDKWrap.c.o
                0x0002a1a8                conn_params_init
 .text.ble_stack_init
                0x0002a1f4       0x38 _build/nrf52832_xxaa/nrf52SDKWrap.c.o
                0x0002a1f4                ble_stack_init
 .text.gatt_init
                0x0002a22c       0x34 _build/nrf52832_xxaa/nrf52SDKWrap.c.o
                0x0002a22c                gatt_init
 .text.advertising_init
                0x0002a260       0xb0 _build/nrf52832_xxaa/nrf52SDKWrap.c.o
                0x0002a260                advertising_init
 .text.startAdv
                0x0002a310        0xc _build/nrf52832_xxaa/nrf52SDKWrap.c.o
                0x0002a310                startAdv
 .text.sendBleText
                0x0002a31c       0x38 _build/nrf52832_xxaa/nrf52SDKWrap.c.o
                0x0002a31c                sendBleText
 .text.uart_init
                0x0002a354       0x4c _build/nrf52832_xxaa/nrf52SDKWrap.c.o
                0x0002a354                uart_init
 .text.buttons_leds_init
                0x0002a3a0       0x40 _build/nrf52832_xxaa/nrf52SDKWrap.c.o
                0x0002a3a0                buttons_leds_init
 .text.log_init
                0x0002a3e0       0x18 _build/nrf52832_xxaa/nrf52SDKWrap.c.o
                0x0002a3e0                log_init
 .text.power_manage
                0x0002a3f8       0x14 _build/nrf52832_xxaa/nrf52SDKWrap.c.o
                0x0002a3f8                power_manage
 .text.fifo_init
                0x0002a40c       0x10 _build/nrf52832_xxaa/fifo.c.o
                0x0002a40c                fifo_init
 .text.fifo_put_byte
                0x0002a41c       0x70 _build/nrf52832_xxaa/fifo.c.o
                0x0002a41c                fifo_put_byte
 .text.fifo_pop
                0x0002a48c       0x94 _build/nrf52832_xxaa/fifo.c.o
                0x0002a48c                fifo_pop
 .text.fifo_get_size
                0x0002a520       0x14 _build/nrf52832_xxaa/fifo.c.o
                0x0002a520                fifo_get_size
 .text.atoi     0x0002a534        0x8 c:/program files (x86)/gnu tools arm embedded/4.9 2015q3/bin/../lib/gcc/arm-none-eabi/4.9.3/../../../../arm-none-eabi/lib/armv7e-m/fpu\libc_nano.a(lib_a-atoi.o)
                0x0002a534                atoi
 .text.exit     0x0002a53c       0x28 c:/program files (x86)/gnu tools arm embedded/4.9 2015q3/bin/../lib/gcc/arm-none-eabi/4.9.3/../../../../arm-none-eabi/lib/armv7e-m/fpu\libc_nano.a(lib_a-exit.o)
                0x0002a53c                exit
 .text.__libc_init_array
                0x0002a564       0x4c c:/program files (x86)/gnu tools arm embedded/4.9 2015q3/bin/../lib/gcc/arm-none-eabi/4.9.3/../../../../arm-none-eabi/lib/armv7e-m/fpu\libc_nano.a(lib_a-init.o)
                0x0002a564                __libc_init_array
 .text.memcpy   0x0002a5b0       0x16 c:/program files (x86)/gnu tools arm embedded/4.9 2015q3/bin/../lib/gcc/arm-none-eabi/4.9.3/../../../../arm-none-eabi/lib/armv7e-m/fpu\libc_nano.a(lib_a-memcpy.o)
                0x0002a5b0                memcpy
 .text.memset   0x0002a5c6       0x10 c:/program files (x86)/gnu tools arm embedded/4.9 2015q3/bin/../lib/gcc/arm-none-eabi/4.9.3/../../../../arm-none-eabi/lib/armv7e-m/fpu\libc_nano.a(lib_a-memset.o)
                0x0002a5c6                memset
 *fill*         0x0002a5d6        0x2 
 .text.printf   0x0002a5d8       0x30 c:/program files (x86)/gnu tools arm embedded/4.9 2015q3/bin/../lib/gcc/arm-none-eabi/4.9.3/../../../../arm-none-eabi/lib/armv7e-m/fpu\libc_nano.a(lib_a-printf.o)
                0x0002a5d8                iprintf
                0x0002a5d8                printf
 .text.scanf    0x0002a608       0x30 c:/program files (x86)/gnu tools arm embedded/4.9 2015q3/bin/../lib/gcc/arm-none-eabi/4.9.3/../../../../arm-none-eabi/lib/armv7e-m/fpu\libc_nano.a(lib_a-scanf.o)
                0x0002a608                scanf
                0x0002a608                iscanf
 .text          0x0002a638       0x14 c:/program files (x86)/gnu tools arm embedded/4.9 2015q3/bin/../lib/gcc/arm-none-eabi/4.9.3/../../../../arm-none-eabi/lib/armv7e-m/fpu\libc_nano.a(lib_a-strcmp.o)
                0x0002a638                strcmp
 .text.strcpy   0x0002a64c       0x10 c:/program files (x86)/gnu tools arm embedded/4.9 2015q3/bin/../lib/gcc/arm-none-eabi/4.9.3/../../../../arm-none-eabi/lib/armv7e-m/fpu\libc_nano.a(lib_a-strcpy.o)
                0x0002a64c                strcpy
 .text.strlen   0x0002a65c       0x10 c:/program files (x86)/gnu tools arm embedded/4.9 2015q3/bin/../lib/gcc/arm-none-eabi/4.9.3/../../../../arm-none-eabi/lib/armv7e-m/fpu\libc_nano.a(lib_a-strlen.o)
                0x0002a65c                strlen
 .text.strstr   0x0002a66c       0x30 c:/program files (x86)/gnu tools arm embedded/4.9 2015q3/bin/../lib/gcc/arm-none-eabi/4.9.3/../../../../arm-none-eabi/lib/armv7e-m/fpu\libc_nano.a(lib_a-strstr.o)
                0x0002a66c                strstr
 .text._strtol_r
                0x0002a69c      0x10c c:/program files (x86)/gnu tools arm embedded/4.9 2015q3/bin/../lib/gcc/arm-none-eabi/4.9.3/../../../../arm-none-eabi/lib/armv7e-m/fpu\libc_nano.a(lib_a-strtol.o)
                0x0002a69c                _strtol_r
 .text.strtol   0x0002a7a8       0x1c c:/program files (x86)/gnu tools arm embedded/4.9 2015q3/bin/../lib/gcc/arm-none-eabi/4.9.3/../../../../arm-none-eabi/lib/armv7e-m/fpu\libc_nano.a(lib_a-strtol.o)
                0x0002a7a8                strtol
 .text._cleanup_r
                0x0002a7c4        0xc c:/program files (x86)/gnu tools arm embedded/4.9 2015q3/bin/../lib/gcc/arm-none-eabi/4.9.3/../../../../arm-none-eabi/lib/armv7e-m/fpu\libc_nano.a(lib_a-findfp.o)
                0x0002a7c4                _cleanup_r
 .text.std.isra.0
                0x0002a7d0       0x48 c:/program files (x86)/gnu tools arm embedded/4.9 2015q3/bin/../lib/gcc/arm-none-eabi/4.9.3/../../../../arm-none-eabi/lib/armv7e-m/fpu\libc_nano.a(lib_a-findfp.o)
 .text.__sfmoreglue
                0x0002a818       0x2c c:/program files (x86)/gnu tools arm embedded/4.9 2015q3/bin/../lib/gcc/arm-none-eabi/4.9.3/../../../../arm-none-eabi/lib/armv7e-m/fpu\libc_nano.a(lib_a-findfp.o)
                0x0002a818                __sfmoreglue
 .text.__sinit  0x0002a844       0x60 c:/program files (x86)/gnu tools arm embedded/4.9 2015q3/bin/../lib/gcc/arm-none-eabi/4.9.3/../../../../arm-none-eabi/lib/armv7e-m/fpu\libc_nano.a(lib_a-findfp.o)
                0x0002a844                __sinit
 .text.__sfp    0x0002a8a4       0x74 c:/program files (x86)/gnu tools arm embedded/4.9 2015q3/bin/../lib/gcc/arm-none-eabi/4.9.3/../../../../arm-none-eabi/lib/armv7e-m/fpu\libc_nano.a(lib_a-findfp.o)
                0x0002a8a4                __sfp
 .text._fwalk   0x0002a918       0x38 c:/program files (x86)/gnu tools arm embedded/4.9 2015q3/bin/../lib/gcc/arm-none-eabi/4.9.3/../../../../arm-none-eabi/lib/armv7e-m/fpu\libc_nano.a(lib_a-fwalk.o)
                0x0002a918                _fwalk
 .text._fwalk_reent
                0x0002a950       0x3c c:/program files (x86)/gnu tools arm embedded/4.9 2015q3/bin/../lib/gcc/arm-none-eabi/4.9.3/../../../../arm-none-eabi/lib/armv7e-m/fpu\libc_nano.a(lib_a-fwalk.o)
                0x0002a950                _fwalk_reent
 .text._malloc_r
                0x0002a98c       0xac c:/program files (x86)/gnu tools arm embedded/4.9 2015q3/bin/../lib/gcc/arm-none-eabi/4.9.3/../../../../arm-none-eabi/lib/armv7e-m/fpu\libc_nano.a(lib_a-nano-mallocr.o)
                0x0002a98c                _malloc_r
 .text.__sfputc_r
                0x0002aa38       0x2c c:/program files (x86)/gnu tools arm embedded/4.9 2015q3/bin/../lib/gcc/arm-none-eabi/4.9.3/../../../../arm-none-eabi/lib/armv7e-m/fpu\libc_nano.a(lib_a-nano-vfprintf.o)
 .text.__sfputs_r
                0x0002aa64       0x24 c:/program files (x86)/gnu tools arm embedded/4.9 2015q3/bin/../lib/gcc/arm-none-eabi/4.9.3/../../../../arm-none-eabi/lib/armv7e-m/fpu\libc_nano.a(lib_a-nano-vfprintf.o)
                0x0002aa64                __sfputs_r
 .text._vfprintf_r
                0x0002aa88      0x210 c:/program files (x86)/gnu tools arm embedded/4.9 2015q3/bin/../lib/gcc/arm-none-eabi/4.9.3/../../../../arm-none-eabi/lib/armv7e-m/fpu\libc_nano.a(lib_a-nano-vfprintf.o)
                0x0002aa88                _vfprintf_r
                0x0002aa88                _vfiprintf_r
 .text._printf_common
                0x0002ac98       0xea c:/program files (x86)/gnu tools arm embedded/4.9 2015q3/bin/../lib/gcc/arm-none-eabi/4.9.3/../../../../arm-none-eabi/lib/armv7e-m/fpu\libc_nano.a(lib_a-nano-vfprintf_i.o)
                0x0002ac98                _printf_common
 *fill*         0x0002ad82        0x2 
 .text._printf_i
                0x0002ad84      0x240 c:/program files (x86)/gnu tools arm embedded/4.9 2015q3/bin/../lib/gcc/arm-none-eabi/4.9.3/../../../../arm-none-eabi/lib/armv7e-m/fpu\libc_nano.a(lib_a-nano-vfprintf_i.o)
                0x0002ad84                _printf_i
 .text.__svfscanf_r
                0x0002afc4      0x29c c:/program files (x86)/gnu tools arm embedded/4.9 2015q3/bin/../lib/gcc/arm-none-eabi/4.9.3/../../../../arm-none-eabi/lib/armv7e-m/fpu\libc_nano.a(lib_a-nano-vfscanf.o)
                0x0002afc4                __svfscanf_r
                0x0002afc4                __svfiscanf_r
 .text._vfscanf_r
                0x0002b260       0x50 c:/program files (x86)/gnu tools arm embedded/4.9 2015q3/bin/../lib/gcc/arm-none-eabi/4.9.3/../../../../arm-none-eabi/lib/armv7e-m/fpu\libc_nano.a(lib_a-nano-vfscanf.o)
                0x0002b260                _vfscanf_r
                0x0002b260                _vfiscanf_r
 .text._scanf_chars
                0x0002b2b0       0xc0 c:/program files (x86)/gnu tools arm embedded/4.9 2015q3/bin/../lib/gcc/arm-none-eabi/4.9.3/../../../../arm-none-eabi/lib/armv7e-m/fpu\libc_nano.a(lib_a-nano-vfscanf_i.o)
                0x0002b2b0                _scanf_chars
 .text._scanf_i
                0x0002b370      0x1e4 c:/program files (x86)/gnu tools arm embedded/4.9 2015q3/bin/../lib/gcc/arm-none-eabi/4.9.3/../../../../arm-none-eabi/lib/armv7e-m/fpu\libc_nano.a(lib_a-nano-vfscanf_i.o)
                0x0002b370                _scanf_i
 .text.lflush   0x0002b554       0x12 c:/program files (x86)/gnu tools arm embedded/4.9 2015q3/bin/../lib/gcc/arm-none-eabi/4.9.3/../../../../arm-none-eabi/lib/armv7e-m/fpu\libc_nano.a(lib_a-refill.o)
 *fill*         0x0002b566        0x2 
 .text.__srefill_r
                0x0002b568      0x10c c:/program files (x86)/gnu tools arm embedded/4.9 2015q3/bin/../lib/gcc/arm-none-eabi/4.9.3/../../../../arm-none-eabi/lib/armv7e-m/fpu\libc_nano.a(lib_a-refill.o)
                0x0002b568                __srefill_r
 .text._sbrk_r  0x0002b674       0x20 c:/program files (x86)/gnu tools arm embedded/4.9 2015q3/bin/../lib/gcc/arm-none-eabi/4.9.3/../../../../arm-none-eabi/lib/armv7e-m/fpu\libc_nano.a(lib_a-sbrkr.o)
                0x0002b674                _sbrk_r
 .text.__sccl   0x0002b694       0x64 c:/program files (x86)/gnu tools arm embedded/4.9 2015q3/bin/../lib/gcc/arm-none-eabi/4.9.3/../../../../arm-none-eabi/lib/armv7e-m/fpu\libc_nano.a(lib_a-sccl.o)
                0x0002b694                __sccl
 .text.__sread  0x0002b6f8       0x22 c:/program files (x86)/gnu tools arm embedded/4.9 2015q3/bin/../lib/gcc/arm-none-eabi/4.9.3/../../../../arm-none-eabi/lib/armv7e-m/fpu\libc_nano.a(lib_a-stdio.o)
                0x0002b6f8                __sread
 .text.__swrite
                0x0002b71a       0x38 c:/program files (x86)/gnu tools arm embedded/4.9 2015q3/bin/../lib/gcc/arm-none-eabi/4.9.3/../../../../arm-none-eabi/lib/armv7e-m/fpu\libc_nano.a(lib_a-stdio.o)
                0x0002b71a                __swrite
 .text.__sseek  0x0002b752       0x24 c:/program files (x86)/gnu tools arm embedded/4.9 2015q3/bin/../lib/gcc/arm-none-eabi/4.9.3/../../../../arm-none-eabi/lib/armv7e-m/fpu\libc_nano.a(lib_a-stdio.o)
                0x0002b752                __sseek
 .text.__sclose
                0x0002b776        0x8 c:/program files (x86)/gnu tools arm embedded/4.9 2015q3/bin/../lib/gcc/arm-none-eabi/4.9.3/../../../../arm-none-eabi/lib/armv7e-m/fpu\libc_nano.a(lib_a-stdio.o)
                0x0002b776                __sclose
 *fill*         0x0002b77e        0x2 
 .text._strtoul_r
                0x0002b780       0xf8 c:/program files (x86)/gnu tools arm embedded/4.9 2015q3/bin/../lib/gcc/arm-none-eabi/4.9.3/../../../../arm-none-eabi/lib/armv7e-m/fpu\libc_nano.a(lib_a-strtoul.o)
                0x0002b780                _strtoul_r
 .text.__submore
                0x0002b878       0x76 c:/program files (x86)/gnu tools arm embedded/4.9 2015q3/bin/../lib/gcc/arm-none-eabi/4.9.3/../../../../arm-none-eabi/lib/armv7e-m/fpu\libc_nano.a(lib_a-ungetc.o)
                0x0002b878                __submore
 *fill*         0x0002b8ee        0x2 
 .text._ungetc_r
                0x0002b8f0       0xe4 c:/program files (x86)/gnu tools arm embedded/4.9 2015q3/bin/../lib/gcc/arm-none-eabi/4.9.3/../../../../arm-none-eabi/lib/armv7e-m/fpu\libc_nano.a(lib_a-ungetc.o)
                0x0002b8f0                _ungetc_r
 .text.__swbuf_r
                0x0002b9d4       0xa8 c:/program files (x86)/gnu tools arm embedded/4.9 2015q3/bin/../lib/gcc/arm-none-eabi/4.9.3/../../../../arm-none-eabi/lib/armv7e-m/fpu\libc_nano.a(lib_a-wbuf.o)
                0x0002b9d4                __swbuf_r
 .text._write_r
                0x0002ba7c       0x24 c:/program files (x86)/gnu tools arm embedded/4.9 2015q3/bin/../lib/gcc/arm-none-eabi/4.9.3/../../../../arm-none-eabi/lib/armv7e-m/fpu\libc_nano.a(lib_a-writer.o)
                0x0002ba7c                _write_r
 .text.__swsetup_r
                0x0002baa0       0xd8 c:/program files (x86)/gnu tools arm embedded/4.9 2015q3/bin/../lib/gcc/arm-none-eabi/4.9.3/../../../../arm-none-eabi/lib/armv7e-m/fpu\libc_nano.a(lib_a-wsetup.o)
                0x0002baa0                __swsetup_r
 .text._close_r
                0x0002bb78       0x20 c:/program files (x86)/gnu tools arm embedded/4.9 2015q3/bin/../lib/gcc/arm-none-eabi/4.9.3/../../../../arm-none-eabi/lib/armv7e-m/fpu\libc_nano.a(lib_a-closer.o)
                0x0002bb78                _close_r
 .text.__sflush_r
                0x0002bb98      0x108 c:/program files (x86)/gnu tools arm embedded/4.9 2015q3/bin/../lib/gcc/arm-none-eabi/4.9.3/../../../../arm-none-eabi/lib/armv7e-m/fpu\libc_nano.a(lib_a-fflush.o)
                0x0002bb98                __sflush_r
 .text._fflush_r
                0x0002bca0       0x54 c:/program files (x86)/gnu tools arm embedded/4.9 2015q3/bin/../lib/gcc/arm-none-eabi/4.9.3/../../../../arm-none-eabi/lib/armv7e-m/fpu\libc_nano.a(lib_a-fflush.o)
                0x0002bca0                _fflush_r
 .text.fflush   0x0002bcf4       0x24 c:/program files (x86)/gnu tools arm embedded/4.9 2015q3/bin/../lib/gcc/arm-none-eabi/4.9.3/../../../../arm-none-eabi/lib/armv7e-m/fpu\libc_nano.a(lib_a-fflush.o)
                0x0002bcf4                fflush
 .text._lseek_r
                0x0002bd18       0x24 c:/program files (x86)/gnu tools arm embedded/4.9 2015q3/bin/../lib/gcc/arm-none-eabi/4.9.3/../../../../arm-none-eabi/lib/armv7e-m/fpu\libc_nano.a(lib_a-lseekr.o)
                0x0002bd18                _lseek_r
 .text.__smakebuf_r
                0x0002bd3c       0x9c c:/program files (x86)/gnu tools arm embedded/4.9 2015q3/bin/../lib/gcc/arm-none-eabi/4.9.3/../../../../arm-none-eabi/lib/armv7e-m/fpu\libc_nano.a(lib_a-makebuf.o)
                0x0002bd3c                __smakebuf_r
 .text.memchr   0x0002bdd8       0x1e c:/program files (x86)/gnu tools arm embedded/4.9 2015q3/bin/../lib/gcc/arm-none-eabi/4.9.3/../../../../arm-none-eabi/lib/armv7e-m/fpu\libc_nano.a(lib_a-memchr.o)
                0x0002bdd8                memchr
 *fill*         0x0002bdf6        0x2 
 .text._free_r  0x0002bdf8       0x88 c:/program files (x86)/gnu tools arm embedded/4.9 2015q3/bin/../lib/gcc/arm-none-eabi/4.9.3/../../../../arm-none-eabi/lib/armv7e-m/fpu\libc_nano.a(lib_a-nano-freer.o)
                0x0002bdf8                _free_r
 .text._realloc_r
                0x0002be80       0x4c c:/program files (x86)/gnu tools arm embedded/4.9 2015q3/bin/../lib/gcc/arm-none-eabi/4.9.3/../../../../arm-none-eabi/lib/armv7e-m/fpu\libc_nano.a(lib_a-nano-reallocr.o)
                0x0002be80                _realloc_r
 .text._read_r  0x0002becc       0x24 c:/program files (x86)/gnu tools arm embedded/4.9 2015q3/bin/../lib/gcc/arm-none-eabi/4.9.3/../../../../arm-none-eabi/lib/armv7e-m/fpu\libc_nano.a(lib_a-readr.o)
                0x0002becc                _read_r
 .text._fstat_r
                0x0002bef0       0x24 c:/program files (x86)/gnu tools arm embedded/4.9 2015q3/bin/../lib/gcc/arm-none-eabi/4.9.3/../../../../arm-none-eabi/lib/armv7e-m/fpu\libc_nano.a(lib_a-fstatr.o)
                0x0002bef0                _fstat_r
 .text._isatty_r
                0x0002bf14       0x20 c:/program files (x86)/gnu tools arm embedded/4.9 2015q3/bin/../lib/gcc/arm-none-eabi/4.9.3/../../../../arm-none-eabi/lib/armv7e-m/fpu\libc_nano.a(lib_a-isattyr.o)
                0x0002bf14                _isatty_r
 .text._malloc_usable_size_r
                0x0002bf34       0x14 c:/program files (x86)/gnu tools arm embedded/4.9 2015q3/bin/../lib/gcc/arm-none-eabi/4.9.3/../../../../arm-none-eabi/lib/armv7e-m/fpu\libc_nano.a(lib_a-nano-msizer.o)
                0x0002bf34                _malloc_usable_size_r
 .text._close   0x0002bf48       0x10 c:/program files (x86)/gnu tools arm embedded/4.9 2015q3/bin/../lib/gcc/arm-none-eabi/4.9.3/../../../../arm-none-eabi/lib/armv7e-m/fpu\libnosys.a(close.o)
                0x0002bf48                _close
 .text._fstat   0x0002bf58       0x10 c:/program files (x86)/gnu tools arm embedded/4.9 2015q3/bin/../lib/gcc/arm-none-eabi/4.9.3/../../../../arm-none-eabi/lib/armv7e-m/fpu\libnosys.a(fstat.o)
                0x0002bf58                _fstat
 .text._isatty  0x0002bf68       0x10 c:/program files (x86)/gnu tools arm embedded/4.9 2015q3/bin/../lib/gcc/arm-none-eabi/4.9.3/../../../../arm-none-eabi/lib/armv7e-m/fpu\libnosys.a(isatty.o)
                0x0002bf68                _isatty
 .text._lseek   0x0002bf78       0x10 c:/program files (x86)/gnu tools arm embedded/4.9 2015q3/bin/../lib/gcc/arm-none-eabi/4.9.3/../../../../arm-none-eabi/lib/armv7e-m/fpu\libnosys.a(lseek.o)
                0x0002bf78                _lseek
 .text._sbrk    0x0002bf88       0x1c c:/program files (x86)/gnu tools arm embedded/4.9 2015q3/bin/../lib/gcc/arm-none-eabi/4.9.3/../../../../arm-none-eabi/lib/armv7e-m/fpu\libnosys.a(sbrk.o)
                0x0002bf88                _sbrk
 .text._exit    0x0002bfa4        0x4 c:/program files (x86)/gnu tools arm embedded/4.9 2015q3/bin/../lib/gcc/arm-none-eabi/4.9.3/../../../../arm-none-eabi/lib/armv7e-m/fpu\libnosys.a(_exit.o)
                0x0002bfa4                _exit
 .text          0x0002bfa8       0x30 c:/program files (x86)/gnu tools arm embedded/4.9 2015q3/bin/../lib/gcc/arm-none-eabi/4.9.3/armv7e-m/fpu\libgcc.a(_aeabi_uldivmod.o)
                0x0002bfa8                __aeabi_uldivmod
 .text          0x0002bfd8       0x60 c:/program files (x86)/gnu tools arm embedded/4.9 2015q3/bin/../lib/gcc/arm-none-eabi/4.9.3/armv7e-m/fpu\libgcc.a(bpabi.o)
                0x0002bfd8                __gnu_ldivmod_helper
                0x0002c008                __gnu_uldivmod_helper
 .text          0x0002c038        0x4 c:/program files (x86)/gnu tools arm embedded/4.9 2015q3/bin/../lib/gcc/arm-none-eabi/4.9.3/armv7e-m/fpu\libgcc.a(_dvmd_tls.o)
                0x0002c038                __aeabi_idiv0
                0x0002c038                __aeabi_ldiv0
 .text          0x0002c03c      0x29c c:/program files (x86)/gnu tools arm embedded/4.9 2015q3/bin/../lib/gcc/arm-none-eabi/4.9.3/armv7e-m/fpu\libgcc.a(_divdi3.o)
                0x0002c03c                __divdi3
 .text          0x0002c2d8      0x26c c:/program files (x86)/gnu tools arm embedded/4.9 2015q3/bin/../lib/gcc/arm-none-eabi/4.9.3/armv7e-m/fpu\libgcc.a(_udivdi3.o)
                0x0002c2d8                __udivdi3
 *(.init)
 .init          0x0002c544        0x4 c:/program files (x86)/gnu tools arm embedded/4.9 2015q3/bin/../lib/gcc/arm-none-eabi/4.9.3/armv7e-m/fpu/crti.o
                0x0002c544                _init
 .init          0x0002c548        0x8 c:/program files (x86)/gnu tools arm embedded/4.9 2015q3/bin/../lib/gcc/arm-none-eabi/4.9.3/armv7e-m/fpu/crtn.o
 *(.fini)
 .fini          0x0002c550        0x4 c:/program files (x86)/gnu tools arm embedded/4.9 2015q3/bin/../lib/gcc/arm-none-eabi/4.9.3/armv7e-m/fpu/crti.o
                0x0002c550                _fini
 .fini          0x0002c554        0x8 c:/program files (x86)/gnu tools arm embedded/4.9 2015q3/bin/../lib/gcc/arm-none-eabi/4.9.3/armv7e-m/fpu/crtn.o
 *crtbegin.o(.ctors)
 *crtbegin?.o(.ctors)
 *(EXCLUDE_FILE(*crtend.o *crtend?.o) .ctors)
 *(SORT(.ctors.*))
 *(.ctors)
 *crtbegin.o(.dtors)
 *crtbegin?.o(.dtors)
 *(EXCLUDE_FILE(*crtend.o *crtend?.o) .dtors)
 *(SORT(.dtors.*))
 *(.dtors)
 *(.rodata*)
 .rodata.nrf_log_backend_rtt_api
                0x0002c55c        0xc _build/nrf52832_xxaa/nrf_log_backend_rtt.c.o
                0x0002c55c                nrf_log_backend_rtt_api
 .rodata.str1.4
                0x0002c568        0x4 _build/nrf52832_xxaa/nrf_log_frontend.c.o
 .rodata.mempool
                0x0002c56c       0x14 _build/nrf52832_xxaa/nrf_log_frontend.c.o
 .rodata.severity_names
                0x0002c580       0x14 _build/nrf52832_xxaa/nrf_log_str_formatter.c.o
 .rodata.m_colors
                0x0002c594       0x24 _build/nrf52832_xxaa/nrf_log_str_formatter.c.o
 .rodata.str1.4
                0x0002c5b8       0x8a _build/nrf52832_xxaa/nrf_log_str_formatter.c.o
                                 0x92 (size before relaxing)
 *fill*         0x0002c642        0x2 
 .rodata.m_detection_delay_timer_id
                0x0002c644        0x4 _build/nrf52832_xxaa/app_button.c.o
 .rodata.str1.4
                0x0002c648       0x19 _build/nrf52832_xxaa/app_error_weak.c.o
 *fill*         0x0002c661        0x3 
 .rodata        0x0002c664       0x20 _build/nrf52832_xxaa/app_uart_fifo.c.o
 .rodata.str1.4
                0x0002c684        0x7 _build/nrf52832_xxaa/nrf_balloc.c.o
 *fill*         0x0002c68b        0x1 
 .rodata._aV2C.6815
                0x0002c68c       0x10 _build/nrf52832_xxaa/nrf_fprintf_format.c.o
 .rodata.str1.4
                0x0002c69c        0x9 _build/nrf52832_xxaa/nrf_pwr_mgmt.c.o
 *fill*         0x0002c6a5        0x3 
 .rodata.str1.4
                0x0002c6a8      0x308 _build/nrf52832_xxaa/nrf_strerror.c.o
 .rodata.nrf_strerror_array
                0x0002c9b0       0xf0 _build/nrf52832_xxaa/nrf_strerror.c.o
 .rodata.m_unknown_str
                0x0002caa0       0x13 _build/nrf52832_xxaa/nrf_strerror.c.o
 *fill*         0x0002cab3        0x1 
 .rodata.m_board_btn_list
                0x0002cab4        0x4 _build/nrf52832_xxaa/boards.c.o
 .rodata.m_board_led_list
                0x0002cab8        0x4 _build/nrf52832_xxaa/boards.c.o
 .rodata.str1.4
                0x0002cabc        0x6 _build/nrf52832_xxaa/nrf_drv_clock.c.o
 *fill*         0x0002cac2        0x2 
 .rodata.str1.4
                0x0002cac4        0x7 _build/nrf52832_xxaa/nrf_drv_gpiote.c.o
 *fill*         0x0002cacb        0x1 
 .rodata.str1.4
                0x0002cacc        0x5 _build/nrf52832_xxaa/nrf_drv_uart.c.o
 *fill*         0x0002cad1        0x3 
 .rodata.m_button_timer_id
                0x0002cad4        0x4 _build/nrf52832_xxaa/bsp.c.o
 .rodata.m_leds_timer_id
                0x0002cad8        0x4 _build/nrf52832_xxaa/bsp.c.o
 .rodata.app_buttons
                0x0002cadc       0x20 _build/nrf52832_xxaa/bsp.c.o
 .rodata.m_alert_timer_id
                0x0002cafc        0x4 _build/nrf52832_xxaa/bsp.c.o
 .rodata.str1.4
                0x0002cb00       0x50 _build/nrf52832_xxaa/main.c.o
 .rodata.str1.4
                0x0002cb50       0x17 _build/nrf52832_xxaa/SEGGER_RTT.c.o
 *fill*         0x0002cb67        0x1 
 .rodata.str1.4
                0x0002cb68      0x139 _build/nrf52832_xxaa/nrf_ble_gatt.c.o
 *fill*         0x0002cca1        0x3 
 .rodata        0x0002cca4       0x10 _build/nrf52832_xxaa/ble_nus.c.o
 .rodata        0x0002ccb4        0x4 _build/nrf52832_xxaa/nrf_sdh.c.o
 .rodata.sdh_req_observers
                0x0002ccb8        0xc _build/nrf52832_xxaa/nrf_sdh.c.o
 .rodata.sdh_state_observers
                0x0002ccc4        0xc _build/nrf52832_xxaa/nrf_sdh.c.o
 .rodata.str1.4
                0x0002ccd0        0x8 _build/nrf52832_xxaa/nrf_sdh.c.o
 .rodata.sdh_stack_observers
                0x0002ccd8        0xc _build/nrf52832_xxaa/nrf_sdh.c.o
 .rodata.sdh_ble_observers
                0x0002cce4        0xc _build/nrf52832_xxaa/nrf_sdh_ble.c.o
 .rodata.str1.4
                0x0002ccf0      0x250 _build/nrf52832_xxaa/nrf_sdh_ble.c.o
 .rodata.sdh_soc_observers
                0x0002cf40        0xc _build/nrf52832_xxaa/nrf_sdh_soc.c.o
 .rodata.str1.4
                0x0002cf4c        0xc _build/nrf52832_xxaa/nrf_sdh_soc.c.o
 .rodata        0x0002cf58       0x18 _build/nrf52832_xxaa/nrf52SDKWrap.c.o
 .rodata.str1.4
                0x0002cf70      0x430 _build/nrf52832_xxaa/nrf52SDKWrap.c.o
                                0x437 (size before relaxing)
 .rodata._ctype_
                0x0002d3a0      0x101 c:/program files (x86)/gnu tools arm embedded/4.9 2015q3/bin/../lib/gcc/arm-none-eabi/4.9.3/../../../../arm-none-eabi/lib/armv7e-m/fpu\libc_nano.a(lib_a-ctype_.o)
                0x0002d3a0                _ctype_
 .rodata.str1.1
                0x0002d4a1        0x2 c:/program files (x86)/gnu tools arm embedded/4.9 2015q3/bin/../lib/gcc/arm-none-eabi/4.9.3/../../../../arm-none-eabi/lib/armv7e-m/fpu\libc_nano.a(lib_a-impure.o)
 *fill*         0x0002d4a3        0x1 
 .rodata._global_impure_ptr
                0x0002d4a4        0x4 c:/program files (x86)/gnu tools arm embedded/4.9 2015q3/bin/../lib/gcc/arm-none-eabi/4.9.3/../../../../arm-none-eabi/lib/armv7e-m/fpu\libc_nano.a(lib_a-impure.o)
                0x0002d4a4                _global_impure_ptr
 .rodata.__sf_fake_stdin
                0x0002d4a8       0x20 c:/program files (x86)/gnu tools arm embedded/4.9 2015q3/bin/../lib/gcc/arm-none-eabi/4.9.3/../../../../arm-none-eabi/lib/armv7e-m/fpu\libc_nano.a(lib_a-findfp.o)
                0x0002d4a8                __sf_fake_stdin
 .rodata.__sf_fake_stdout
                0x0002d4c8       0x20 c:/program files (x86)/gnu tools arm embedded/4.9 2015q3/bin/../lib/gcc/arm-none-eabi/4.9.3/../../../../arm-none-eabi/lib/armv7e-m/fpu\libc_nano.a(lib_a-findfp.o)
                0x0002d4c8                __sf_fake_stdout
 .rodata.__sf_fake_stderr
                0x0002d4e8       0x20 c:/program files (x86)/gnu tools arm embedded/4.9 2015q3/bin/../lib/gcc/arm-none-eabi/4.9.3/../../../../arm-none-eabi/lib/armv7e-m/fpu\libc_nano.a(lib_a-findfp.o)
                0x0002d4e8                __sf_fake_stderr
 .rodata.str1.1
                0x0002d508       0x11 c:/program files (x86)/gnu tools arm embedded/4.9 2015q3/bin/../lib/gcc/arm-none-eabi/4.9.3/../../../../arm-none-eabi/lib/armv7e-m/fpu\libc_nano.a(lib_a-nano-vfprintf.o)
 .rodata.str1.1
                0x0002d519       0x22 c:/program files (x86)/gnu tools arm embedded/4.9 2015q3/bin/../lib/gcc/arm-none-eabi/4.9.3/../../../../arm-none-eabi/lib/armv7e-m/fpu\libc_nano.a(lib_a-nano-vfprintf_i.o)
 .rodata.str1.1
                0x00000000        0x4 c:/program files (x86)/gnu tools arm embedded/4.9 2015q3/bin/../lib/gcc/arm-none-eabi/4.9.3/../../../../arm-none-eabi/lib/armv7e-m/fpu\libc_nano.a(lib_a-nano-vfscanf.o)
 *fill*         0x0002d53b        0x1 
 .rodata        0x0002d53c        0xc c:/program files (x86)/gnu tools arm embedded/4.9 2015q3/bin/../lib/gcc/arm-none-eabi/4.9.3/../../../../arm-none-eabi/lib/armv7e-m/fpu\libc_nano.a(lib_a-nano-vfscanf_i.o)
 .rodata.str1.1
                0x0002d548       0x1b c:/program files (x86)/gnu tools arm embedded/4.9 2015q3/bin/../lib/gcc/arm-none-eabi/4.9.3/../../../../arm-none-eabi/lib/armv7e-m/fpu\libc_nano.a(lib_a-nano-vfscanf_i.o)
 *(.eh_frame*)
 *fill*         0x0002d563        0x1 
 .eh_frame      0x0002d564        0x0 c:/program files (x86)/gnu tools arm embedded/4.9 2015q3/bin/../lib/gcc/arm-none-eabi/4.9.3/armv7e-m/fpu/crtbegin.o
 .eh_frame      0x0002d564       0x28 c:/program files (x86)/gnu tools arm embedded/4.9 2015q3/bin/../lib/gcc/arm-none-eabi/4.9.3/../../../../arm-none-eabi/lib/armv7e-m/fpu\libc_nano.a(lib_a-strcmp.o)
 .eh_frame      0x0002d58c        0x4 c:/program files (x86)/gnu tools arm embedded/4.9 2015q3/bin/../lib/gcc/arm-none-eabi/4.9.3/armv7e-m/fpu/crtend.o

.glue_7         0x0002d590        0x0
 .glue_7        0x00000000        0x0 linker stubs

.glue_7t        0x0002d590        0x0
 .glue_7t       0x00000000        0x0 linker stubs

.vfp11_veneer   0x0002d590        0x0
 .vfp11_veneer  0x00000000        0x0 linker stubs

.v4_bx          0x0002d590        0x0
 .v4_bx         0x00000000        0x0 linker stubs

.iplt           0x0002d590        0x0
 .iplt          0x00000000        0x0 c:/program files (x86)/gnu tools arm embedded/4.9 2015q3/bin/../lib/gcc/arm-none-eabi/4.9.3/armv7e-m/fpu/crtbegin.o

.mem_section_dummy_rom

.sdh_soc_observers
                0x0002d590       0x18
                0x0002d590                PROVIDE (__start_sdh_soc_observers, .)
 *(SORT(.sdh_soc_observers*))
 .sdh_soc_observers0
                0x0002d590        0x8 _build/nrf52832_xxaa/nrf_fstorage_sd.c.o
 .sdh_soc_observers0
                0x0002d598        0x8 _build/nrf52832_xxaa/nrf_drv_clock.c.o
 .sdh_soc_observers1
                0x0002d5a0        0x8 _build/nrf52832_xxaa/nrf52SDKWrap.c.o
                0x0002d5a8                PROVIDE (__stop_sdh_soc_observers, .)

.sdh_ble_observers
                0x0002d5a8       0x38
                0x0002d5a8                PROVIDE (__start_sdh_ble_observers, .)
 *(SORT(.sdh_ble_observers*))
 .sdh_ble_observers0
                0x0002d5a8        0x8 _build/nrf52832_xxaa/ble_conn_state.c.o
 .sdh_ble_observers1
                0x0002d5b0        0x8 _build/nrf52832_xxaa/bsp_btn_ble.c.o
 .sdh_ble_observers1
                0x0002d5b8        0x8 _build/nrf52832_xxaa/ble_conn_params.c.o
 .sdh_ble_observers1
                0x0002d5c0       0x10 _build/nrf52832_xxaa/nrf52SDKWrap.c.o
 .sdh_ble_observers2
                0x0002d5d0        0x8 _build/nrf52832_xxaa/nrf52SDKWrap.c.o
 .sdh_ble_observers3
                0x0002d5d8        0x8 _build/nrf52832_xxaa/nrf52SDKWrap.c.o
                0x0002d5e0                PROVIDE (__stop_sdh_ble_observers, .)

.pwr_mgmt_data  0x0002d5e0        0x0
                0x0002d5e0                PROVIDE (__start_pwr_mgmt_data, .)
 *(SORT(.pwr_mgmt_data*))
                0x0002d5e0                PROVIDE (__stop_pwr_mgmt_data, .)

.log_const_data
                0x0002d5e0       0x50
                0x0002d5e0                PROVIDE (__start_log_const_data, .)
 *(.log_const_data)
 .log_const_data
                0x0002d5e0        0x8 _build/nrf52832_xxaa/nrf_log_frontend.c.o
                0x0002d5e0                m_nrf_log_app_logs_data_const
 .log_const_data
                0x0002d5e8        0x8 _build/nrf52832_xxaa/nrf_balloc.c.o
                0x0002d5e8                m_nrf_log_balloc_logs_data_const
 .log_const_data
                0x0002d5f0        0x8 _build/nrf52832_xxaa/nrf_pwr_mgmt.c.o
                0x0002d5f0                m_nrf_log_pwr_mgmt_logs_data_const
 .log_const_data
                0x0002d5f8        0x8 _build/nrf52832_xxaa/nrf_drv_clock.c.o
                0x0002d5f8                m_nrf_log_clock_logs_data_const
 .log_const_data
                0x0002d600        0x8 _build/nrf52832_xxaa/nrf_drv_gpiote.c.o
                0x0002d600                m_nrf_log_gpiote_logs_data_const
 .log_const_data
                0x0002d608        0x8 _build/nrf52832_xxaa/nrf_drv_uart.c.o
                0x0002d608                m_nrf_log_uart_logs_data_const
 .log_const_data
                0x0002d610        0x8 _build/nrf52832_xxaa/nrf_ble_gatt.c.o
                0x0002d610                m_nrf_log_ble_gatt_logs_data_const
 .log_const_data
                0x0002d618        0x8 _build/nrf52832_xxaa/nrf_sdh.c.o
                0x0002d618                m_nrf_log_nrf_sdh_logs_data_const
 .log_const_data
                0x0002d620        0x8 _build/nrf52832_xxaa/nrf_sdh_ble.c.o
                0x0002d620                m_nrf_log_nrf_sdh_ble_logs_data_const
 .log_const_data
                0x0002d628        0x8 _build/nrf52832_xxaa/nrf_sdh_soc.c.o
                0x0002d628                m_nrf_log_nrf_sdh_soc_logs_data_const
                0x0002d630                PROVIDE (__stop_log_const_data, .)

.sdh_state_observers
                0x0002d630       0x10
                0x0002d630                PROVIDE (__start_sdh_state_observers, .)
 *(SORT(.sdh_state_observers*))
 .sdh_state_observers0
                0x0002d630        0x8 _build/nrf52832_xxaa/nrf_fstorage_sd.c.o
 .sdh_state_observers0
                0x0002d638        0x8 _build/nrf52832_xxaa/nrf_drv_clock.c.o
                0x0002d640                PROVIDE (__stop_sdh_state_observers, .)

.sdh_stack_observers
                0x0002d640       0x10
                0x0002d640                PROVIDE (__start_sdh_stack_observers, .)
 *(SORT(.sdh_stack_observers*))
 .sdh_stack_observers0
                0x0002d640        0x8 _build/nrf52832_xxaa/nrf_sdh_ble.c.o
 .sdh_stack_observers0
                0x0002d648        0x8 _build/nrf52832_xxaa/nrf_sdh_soc.c.o
                0x0002d650                PROVIDE (__stop_sdh_stack_observers, .)

.sdh_req_observers
                0x0002d650        0x8
                0x0002d650                PROVIDE (__start_sdh_req_observers, .)
 *(SORT(.sdh_req_observers*))
 .sdh_req_observers0
                0x0002d650        0x8 _build/nrf52832_xxaa/nrf_fstorage_sd.c.o
                0x0002d650                m_req_obs
                0x0002d658                PROVIDE (__stop_sdh_req_observers, .)

.cli_command    0x0002d658        0x0
                0x0002d658                PROVIDE (__start_cli_command, .)
 *(.cli_command)
                0x0002d658                PROVIDE (__stop_cli_command, .)

.ARM.extab
 *(.ARM.extab* .gnu.linkonce.armextab.*)
                0x0002d658                __exidx_start = .

.ARM.exidx      0x0002d658        0x8
 *(.ARM.exidx* .gnu.linkonce.armexidx.*)
 .ARM.exidx     0x0002d658        0x8 c:/program files (x86)/gnu tools arm embedded/4.9 2015q3/bin/../lib/gcc/arm-none-eabi/4.9.3/../../../../arm-none-eabi/lib/armv7e-m/fpu/crt0.o
 .ARM.exidx     0x0002d660        0x0 c:/program files (x86)/gnu tools arm embedded/4.9 2015q3/bin/../lib/gcc/arm-none-eabi/4.9.3/armv7e-m/fpu\libgcc.a(_divdi3.o)
                                  0x8 (size before relaxing)
 .ARM.exidx     0x0002d660        0x0 c:/program files (x86)/gnu tools arm embedded/4.9 2015q3/bin/../lib/gcc/arm-none-eabi/4.9.3/armv7e-m/fpu\libgcc.a(_udivdi3.o)
                                  0x8 (size before relaxing)
                0x0002d660                __exidx_end = .
                0x0002d660                __etext = .

.rel.dyn        0x0002d660        0x0
 .rel.iplt      0x00000000        0x0 c:/program files (x86)/gnu tools arm embedded/4.9 2015q3/bin/../lib/gcc/arm-none-eabi/4.9.3/armv7e-m/fpu/crtbegin.o

.data           0x20002a68       0xcc load address 0x0002d660
                0x20002a68                __data_start__ = .
 *(vtable)
 *(.data*)
 .data.rtt_log_backend
                0x20002a68        0xc _build/nrf52832_xxaa/nrf_log_default_backends.c.o
 .data.app_uart_inst
                0x20002a74        0x8 _build/nrf52832_xxaa/app_uart_fifo.c.o
 .data.SystemCoreClock
                0x20002a7c        0x4 _build/nrf52832_xxaa/system_nrf52.c.o
                0x20002a7c                SystemCoreClock
 .data.fullName
                0x20002a80        0x1 _build/nrf52832_xxaa/nrf52SDKWrap.c.o
                0x20002a80                fullName
 *fill*         0x20002a81        0x1 
 .data.m_ble_nus_max_data_len
                0x20002a82        0x2 _build/nrf52832_xxaa/nrf52SDKWrap.c.o
 .data.DEVICE_NAME
                0x20002a84        0x4 _build/nrf52832_xxaa/nrf52SDKWrap.c.o
                0x20002a84                DEVICE_NAME
 .data.attMtuSize
                0x20002a88        0x1 _build/nrf52832_xxaa/nrf52SDKWrap.c.o
                0x20002a88                attMtuSize
 *fill*         0x20002a89        0x3 
 .data.APP_ADV_TIMEOUT_IN_SECONDS
                0x20002a8c        0x4 _build/nrf52832_xxaa/nrf52SDKWrap.c.o
                0x20002a8c                APP_ADV_TIMEOUT_IN_SECONDS
 .data.MIN_CONN_INTERVAL
                0x20002a90        0x4 _build/nrf52832_xxaa/nrf52SDKWrap.c.o
                0x20002a90                MIN_CONN_INTERVAL
 .data.APP_ADV_INTERVAL
                0x20002a94        0x4 _build/nrf52832_xxaa/nrf52SDKWrap.c.o
                0x20002a94                APP_ADV_INTERVAL
 .data.MAX_CONN_INTERVAL
                0x20002a98        0x4 _build/nrf52832_xxaa/nrf52SDKWrap.c.o
                0x20002a98                MAX_CONN_INTERVAL
 .data.m_conn_handle
                0x20002a9c        0x2 _build/nrf52832_xxaa/nrf52SDKWrap.c.o
 .data.advertisementDataSize
                0x20002a9e        0x1 _build/nrf52832_xxaa/nrf52SDKWrap.c.o
                0x20002a9e                advertisementDataSize
 *fill*         0x20002a9f        0x1 
 .data.m_adv_uuids
                0x20002aa0        0x4 _build/nrf52832_xxaa/nrf52SDKWrap.c.o
                0x20002aa0                m_adv_uuids
 .data.SLAVE_LATENCY
                0x20002aa4        0x4 _build/nrf52832_xxaa/nrf52SDKWrap.c.o
                0x20002aa4                SLAVE_LATENCY
 .data.shortNameLength
                0x20002aa8        0x1 _build/nrf52832_xxaa/nrf52SDKWrap.c.o
                0x20002aa8                shortNameLength
 *fill*         0x20002aa9        0x3 
 .data.advertisementData
                0x20002aac       0x14 _build/nrf52832_xxaa/nrf52SDKWrap.c.o
                0x20002aac                advertisementData
 .data.__ctype_ptr__
                0x20002ac0        0x4 c:/program files (x86)/gnu tools arm embedded/4.9 2015q3/bin/../lib/gcc/arm-none-eabi/4.9.3/../../../../arm-none-eabi/lib/armv7e-m/fpu\libc_nano.a(lib_a-ctype_.o)
                0x20002ac0                __ctype_ptr__
 .data.impure_data
                0x20002ac4       0x60 c:/program files (x86)/gnu tools arm embedded/4.9 2015q3/bin/../lib/gcc/arm-none-eabi/4.9.3/../../../../arm-none-eabi/lib/armv7e-m/fpu\libc_nano.a(lib_a-impure.o)
 .data._impure_ptr
                0x20002b24        0x4 c:/program files (x86)/gnu tools arm embedded/4.9 2015q3/bin/../lib/gcc/arm-none-eabi/4.9.3/../../../../arm-none-eabi/lib/armv7e-m/fpu\libc_nano.a(lib_a-impure.o)
                0x20002b24                _impure_ptr
                0x20002b28                . = ALIGN (0x4)
                0x20002b28                PROVIDE (__preinit_array_start, .)
 *(.preinit_array)
                0x20002b28                PROVIDE (__preinit_array_end, .)
                0x20002b28                . = ALIGN (0x4)
                0x20002b28                PROVIDE (__init_array_start, .)
 *(SORT(.init_array.*))
 *(.init_array)
 .init_array    0x20002b28        0x4 c:/program files (x86)/gnu tools arm embedded/4.9 2015q3/bin/../lib/gcc/arm-none-eabi/4.9.3/armv7e-m/fpu/crtbegin.o
                0x20002b2c                PROVIDE (__init_array_end, .)
                0x20002b2c                . = ALIGN (0x4)
                0x20002b2c                PROVIDE (__fini_array_start, .)
 *(SORT(.fini_array.*))
 *(.fini_array)
 .fini_array    0x20002b2c        0x4 c:/program files (x86)/gnu tools arm embedded/4.9 2015q3/bin/../lib/gcc/arm-none-eabi/4.9.3/armv7e-m/fpu/crtbegin.o
                0x20002b30                PROVIDE (__fini_array_end, .)
 *(.jcr*)
 .jcr           0x20002b30        0x0 c:/program files (x86)/gnu tools arm embedded/4.9 2015q3/bin/../lib/gcc/arm-none-eabi/4.9.3/armv7e-m/fpu/crtbegin.o
 .jcr           0x20002b30        0x4 c:/program files (x86)/gnu tools arm embedded/4.9 2015q3/bin/../lib/gcc/arm-none-eabi/4.9.3/armv7e-m/fpu/crtend.o
                0x20002b34                . = ALIGN (0x4)
                0x20002b34                __data_end__ = .
LOAD c:/program files (x86)/gnu tools arm embedded/4.9 2015q3/bin/../lib/gcc/arm-none-eabi/4.9.3/armv7e-m/fpu/crti.o
LOAD c:/program files (x86)/gnu tools arm embedded/4.9 2015q3/bin/../lib/gcc/arm-none-eabi/4.9.3/armv7e-m/fpu/crtbegin.o
LOAD c:/program files (x86)/gnu tools arm embedded/4.9 2015q3/bin/../lib/gcc/arm-none-eabi/4.9.3/../../../../arm-none-eabi/lib/armv7e-m/fpu/crt0.o
LOAD _build/nrf52832_xxaa/nrf_log_backend_rtt.c.o
LOAD _build/nrf52832_xxaa/nrf_log_backend_serial.c.o
LOAD _build/nrf52832_xxaa/nrf_log_default_backends.c.o
LOAD _build/nrf52832_xxaa/nrf_log_frontend.c.o
LOAD _build/nrf52832_xxaa/nrf_log_str_formatter.c.o
LOAD _build/nrf52832_xxaa/app_button.c.o
LOAD _build/nrf52832_xxaa/app_error.c.o
LOAD _build/nrf52832_xxaa/app_error_weak.c.o
LOAD _build/nrf52832_xxaa/app_fifo.c.o
LOAD _build/nrf52832_xxaa/app_scheduler.c.o
LOAD _build/nrf52832_xxaa/app_timer.c.o
LOAD _build/nrf52832_xxaa/app_uart_fifo.c.o
LOAD _build/nrf52832_xxaa/app_util_platform.c.o
LOAD _build/nrf52832_xxaa/hardfault_implementation.c.o
LOAD _build/nrf52832_xxaa/nrf_assert.c.o
LOAD _build/nrf52832_xxaa/nrf_atfifo.c.o
LOAD _build/nrf52832_xxaa/nrf_balloc.c.o
LOAD _build/nrf52832_xxaa/nrf_fprintf.c.o
LOAD _build/nrf52832_xxaa/nrf_fprintf_format.c.o
LOAD _build/nrf52832_xxaa/nrf_fstorage.c.o
LOAD _build/nrf52832_xxaa/nrf_fstorage_sd.c.o
LOAD _build/nrf52832_xxaa/nrf_memobj.c.o
LOAD _build/nrf52832_xxaa/nrf_pwr_mgmt.c.o
LOAD _build/nrf52832_xxaa/nrf_section_iter.c.o
LOAD _build/nrf52832_xxaa/nrf_strerror.c.o
LOAD _build/nrf52832_xxaa/retarget.c.o
LOAD _build/nrf52832_xxaa/sdk_mapped_flags.c.o
LOAD _build/nrf52832_xxaa/boards.c.o
LOAD _build/nrf52832_xxaa/nrf_drv_clock.c.o
LOAD _build/nrf52832_xxaa/nrf_drv_common.c.o
LOAD _build/nrf52832_xxaa/nrf_drv_gpiote.c.o
LOAD _build/nrf52832_xxaa/nrf_drv_uart.c.o
LOAD _build/nrf52832_xxaa/bsp.c.o
LOAD _build/nrf52832_xxaa/bsp_btn_ble.c.o
LOAD _build/nrf52832_xxaa/bsp_nfc.c.o
LOAD _build/nrf52832_xxaa/main.c.o
LOAD _build/nrf52832_xxaa/SEGGER_RTT.c.o
LOAD _build/nrf52832_xxaa/SEGGER_RTT_Syscalls_GCC.c.o
LOAD _build/nrf52832_xxaa/SEGGER_RTT_printf.c.o
LOAD _build/nrf52832_xxaa/ble_advdata.c.o
LOAD _build/nrf52832_xxaa/ble_advertising.c.o
LOAD _build/nrf52832_xxaa/ble_conn_params.c.o
LOAD _build/nrf52832_xxaa/ble_conn_state.c.o
LOAD _build/nrf52832_xxaa/ble_srv_common.c.o
LOAD _build/nrf52832_xxaa/nrf_ble_gatt.c.o
LOAD _build/nrf52832_xxaa/gcc_startup_nrf52.S.o
LOAD _build/nrf52832_xxaa/system_nrf52.c.o
LOAD _build/nrf52832_xxaa/ble_nus.c.o
LOAD _build/nrf52832_xxaa/nrf_sdh.c.o
LOAD _build/nrf52832_xxaa/nrf_sdh_ble.c.o
LOAD _build/nrf52832_xxaa/nrf_sdh_soc.c.o
LOAD _build/nrf52832_xxaa/crc16.c.o
LOAD _build/nrf52832_xxaa/fds.c.o
LOAD _build/nrf52832_xxaa/ble_db_discovery.c.o
LOAD _build/nrf52832_xxaa/gatt_cache_manager.c.o
LOAD _build/nrf52832_xxaa/gatts_cache_manager.c.o
LOAD _build/nrf52832_xxaa/id_manager.c.o
LOAD _build/nrf52832_xxaa/peer_data_storage.c.o
LOAD _build/nrf52832_xxaa/peer_database.c.o
LOAD _build/nrf52832_xxaa/peer_id.c.o
LOAD _build/nrf52832_xxaa/peer_manager.c.o
LOAD _build/nrf52832_xxaa/pm_buffer.c.o
LOAD _build/nrf52832_xxaa/pm_mutex.c.o
LOAD _build/nrf52832_xxaa/security_dispatcher.c.o
LOAD _build/nrf52832_xxaa/security_manager.c.o
LOAD _build/nrf52832_xxaa/nrf52SDKWrap.c.o
LOAD _build/nrf52832_xxaa/fifo.c.o
LOAD c:/program files (x86)/gnu tools arm embedded/4.9 2015q3/bin/../lib/gcc/arm-none-eabi/4.9.3/../../../../arm-none-eabi/lib/armv7e-m/fpu\libc_nano.a
LOAD c:/program files (x86)/gnu tools arm embedded/4.9 2015q3/bin/../lib/gcc/arm-none-eabi/4.9.3/../../../../arm-none-eabi/lib/armv7e-m/fpu\libnosys.a
LOAD c:/program files (x86)/gnu tools arm embedded/4.9 2015q3/bin/../lib/gcc/arm-none-eabi/4.9.3/../../../../arm-none-eabi/lib/armv7e-m/fpu\libm.a
START GROUP
LOAD c:/program files (x86)/gnu tools arm embedded/4.9 2015q3/bin/../lib/gcc/arm-none-eabi/4.9.3/armv7e-m/fpu\libgcc.a
LOAD c:/program files (x86)/gnu tools arm embedded/4.9 2015q3/bin/../lib/gcc/arm-none-eabi/4.9.3/../../../../arm-none-eabi/lib/armv7e-m/fpu\libg_nano.a
LOAD c:/program files (x86)/gnu tools arm embedded/4.9 2015q3/bin/../lib/gcc/arm-none-eabi/4.9.3/../../../../arm-none-eabi/lib/armv7e-m/fpu\libc_nano.a
END GROUP
START GROUP
LOAD c:/program files (x86)/gnu tools arm embedded/4.9 2015q3/bin/../lib/gcc/arm-none-eabi/4.9.3/armv7e-m/fpu\libgcc.a
LOAD c:/program files (x86)/gnu tools arm embedded/4.9 2015q3/bin/../lib/gcc/arm-none-eabi/4.9.3/../../../../arm-none-eabi/lib/armv7e-m/fpu\libc_nano.a
END GROUP
LOAD c:/program files (x86)/gnu tools arm embedded/4.9 2015q3/bin/../lib/gcc/arm-none-eabi/4.9.3/armv7e-m/fpu/crtend.o
LOAD c:/program files (x86)/gnu tools arm embedded/4.9 2015q3/bin/../lib/gcc/arm-none-eabi/4.9.3/armv7e-m/fpu/crtn.o
START GROUP
LOAD c:/program files (x86)/gnu tools arm embedded/4.9 2015q3/bin/../lib/gcc/arm-none-eabi/4.9.3/armv7e-m/fpu\libgcc.a
LOAD c:/program files (x86)/gnu tools arm embedded/4.9 2015q3/bin/../lib/gcc/arm-none-eabi/4.9.3/../../../../arm-none-eabi/lib/armv7e-m/fpu\libc.a
LOAD c:/program files (x86)/gnu tools arm embedded/4.9 2015q3/bin/../lib/gcc/arm-none-eabi/4.9.3/../../../../arm-none-eabi/lib/armv7e-m/fpu\libnosys.a
END GROUP

.igot.plt       0x20002b34        0x0 load address 0x0002d72c
 .igot.plt      0x00000000        0x0 c:/program files (x86)/gnu tools arm embedded/4.9 2015q3/bin/../lib/gcc/arm-none-eabi/4.9.3/armv7e-m/fpu/crtbegin.o
                0x20002b34                . = ALIGN (0x4)

.mem_section_dummy_ram

.log_dynamic_data
                0x20002b34       0x78 load address 0x0002d72c
                0x20002b34                PROVIDE (__start_log_dynamic_data, .)
 *(.log_dynamic_data)
 .log_dynamic_data
                0x20002b34        0xc _build/nrf52832_xxaa/nrf_log_frontend.c.o
                0x20002b34                m_nrf_log_app_logs_data_dynamic
 .log_dynamic_data
                0x20002b40        0xc _build/nrf52832_xxaa/nrf_balloc.c.o
                0x20002b40                m_nrf_log_balloc_logs_data_dynamic
 .log_dynamic_data
                0x20002b4c        0xc _build/nrf52832_xxaa/nrf_pwr_mgmt.c.o
                0x20002b4c                m_nrf_log_pwr_mgmt_logs_data_dynamic
 .log_dynamic_data
                0x20002b58        0xc _build/nrf52832_xxaa/nrf_drv_clock.c.o
                0x20002b58                m_nrf_log_clock_logs_data_dynamic
 .log_dynamic_data
                0x20002b64        0xc _build/nrf52832_xxaa/nrf_drv_gpiote.c.o
                0x20002b64                m_nrf_log_gpiote_logs_data_dynamic
 .log_dynamic_data
                0x20002b70        0xc _build/nrf52832_xxaa/nrf_drv_uart.c.o
                0x20002b70                m_nrf_log_uart_logs_data_dynamic
 .log_dynamic_data
                0x20002b7c        0xc _build/nrf52832_xxaa/nrf_ble_gatt.c.o
                0x20002b7c                m_nrf_log_ble_gatt_logs_data_dynamic
 .log_dynamic_data
                0x20002b88        0xc _build/nrf52832_xxaa/nrf_sdh.c.o
                0x20002b88                m_nrf_log_nrf_sdh_logs_data_dynamic
 .log_dynamic_data
                0x20002b94        0xc _build/nrf52832_xxaa/nrf_sdh_ble.c.o
                0x20002b94                m_nrf_log_nrf_sdh_ble_logs_data_dynamic
 .log_dynamic_data
                0x20002ba0        0xc _build/nrf52832_xxaa/nrf_sdh_soc.c.o
                0x20002ba0                m_nrf_log_nrf_sdh_soc_logs_data_dynamic
                0x20002bac                PROVIDE (__stop_log_dynamic_data, .)

.fs_data        0x20002bac        0x0
                0x20002bac                PROVIDE (__start_fs_data, .)
 *(.fs_data)
                0x20002bac                PROVIDE (__stop_fs_data, .)

.cli_sorted_cmd_ptrs
                0x20002bac        0x0
                0x20002bac                PROVIDE (__start_cli_sorted_cmd_ptrs, .)
 *(.cli_sorted_cmd_ptrs)
                0x20002bac                PROVIDE (__stop_cli_sorted_cmd_ptrs, .)

.bss            0x20002bac     0x1180 load address 0x0002d7a4
                0x20002bac                . = ALIGN (0x4)
                0x20002bac                __bss_start__ = .
 *(.bss*)
 .bss           0x20002bac       0x1c c:/program files (x86)/gnu tools arm embedded/4.9 2015q3/bin/../lib/gcc/arm-none-eabi/4.9.3/armv7e-m/fpu/crtbegin.o
 .bss.m_string_buff
                0x20002bc8       0x40 _build/nrf52832_xxaa/nrf_log_backend_rtt.c.o
 .bss.m_log_data
                0x20002c08      0x420 _build/nrf52832_xxaa/nrf_log_frontend.c.o
 .bss.mempool_nrf_balloc_cb
                0x20003028        0x8 _build/nrf52832_xxaa/nrf_log_frontend.c.o
 .bss.mempool_nrf_balloc_pool_stack
                0x20003030        0x8 _build/nrf52832_xxaa/nrf_log_frontend.c.o
 .bss.mempool_nrf_balloc_pool_mem
                0x20003038       0xc0 _build/nrf52832_xxaa/nrf_log_frontend.c.o
 .bss.m_detection_delay
                0x200030f8        0x4 _build/nrf52832_xxaa/app_button.c.o
 .bss.mp_buttons
                0x200030fc        0x4 _build/nrf52832_xxaa/app_button.c.o
 .bss.m_button_count
                0x20003100        0x1 _build/nrf52832_xxaa/app_button.c.o
 *fill*         0x20003101        0x3 
 .bss.m_detection_delay_timer_id_data
                0x20003104       0x20 _build/nrf52832_xxaa/app_button.c.o
 .bss.m_pin_state
                0x20003124        0x4 _build/nrf52832_xxaa/app_button.c.o
 .bss.m_pin_transition
                0x20003128        0x4 _build/nrf52832_xxaa/app_button.c.o
 .bss.m_ticks_latest
                0x2000312c        0x4 _build/nrf52832_xxaa/app_timer.c.o
 .bss.mp_timer_id_head
                0x20003130        0x4 _build/nrf52832_xxaa/app_timer.c.o
 .bss.m_ticks_elapsed_q_read_ind
                0x20003134        0x1 _build/nrf52832_xxaa/app_timer.c.o
 .bss.m_ticks_elapsed_q_write_ind
                0x20003135        0x1 _build/nrf52832_xxaa/app_timer.c.o
 .bss.m_rtc1_reset
                0x20003136        0x1 _build/nrf52832_xxaa/app_timer.c.o
 *fill*         0x20003137        0x1 
 .bss.m_op_queue
                0x20003138      0x10c _build/nrf52832_xxaa/app_timer.c.o
 .bss.m_ticks_elapsed
                0x20003244        0x8 _build/nrf52832_xxaa/app_timer.c.o
 .bss.m_rtc1_running
                0x2000324c        0x1 _build/nrf52832_xxaa/app_timer.c.o
 *fill*         0x2000324d        0x3 
 .bss.tx_buffer
                0x20003250        0x1 _build/nrf52832_xxaa/app_uart_fifo.c.o
 *fill*         0x20003251        0x3 
 .bss.m_event_handler
                0x20003254        0x4 _build/nrf52832_xxaa/app_uart_fifo.c.o
 .bss.rx_buffer
                0x20003258        0x1 _build/nrf52832_xxaa/app_uart_fifo.c.o
 *fill*         0x20003259        0x3 
 .bss.m_tx_fifo
                0x2000325c       0x10 _build/nrf52832_xxaa/app_uart_fifo.c.o
 .bss.m_rx_ovf  0x2000326c        0x1 _build/nrf52832_xxaa/app_uart_fifo.c.o
 *fill*         0x2000326d        0x3 
 .bss.m_rx_fifo
                0x20003270       0x10 _build/nrf52832_xxaa/app_uart_fifo.c.o
 .bss.m_fifo_inst
                0x20003280       0x10 _build/nrf52832_xxaa/nrf_fstorage_sd.c.o
 .bss.m_iget_ctx
                0x20003290        0x4 _build/nrf52832_xxaa/nrf_fstorage_sd.c.o
 .bss.m_p_cur_op
                0x20003294        0x4 _build/nrf52832_xxaa/nrf_fstorage_sd.c.o
 .bss.m_flags   0x20003298       0x14 _build/nrf52832_xxaa/nrf_fstorage_sd.c.o
 .bss.m_clock_cb
                0x200032ac       0x14 _build/nrf52832_xxaa/nrf_drv_clock.c.o
 .bss.m_cb      0x200032c0       0x58 _build/nrf52832_xxaa/nrf_drv_gpiote.c.o
 .bss.m_cb      0x20003318       0x20 _build/nrf52832_xxaa/nrf_drv_uart.c.o
 .bss.m_leds_timer_id_data
                0x20003338       0x20 _build/nrf52832_xxaa/bsp.c.o
 .bss.m_alert_on
                0x20003358        0x1 _build/nrf52832_xxaa/bsp.c.o
 *fill*         0x20003359        0x3 
 .bss.m_indication_type
                0x2000335c        0x4 _build/nrf52832_xxaa/bsp.c.o
 .bss.m_leds_clear
                0x20003360        0x1 _build/nrf52832_xxaa/bsp.c.o
 .bss.current_long_push_pin_no.7292
                0x20003361        0x1 _build/nrf52832_xxaa/bsp.c.o
 *fill*         0x20003362        0x2 
 .bss.m_registered_callback
                0x20003364        0x4 _build/nrf52832_xxaa/bsp.c.o
 .bss.m_button_timer_id_data
                0x20003368       0x20 _build/nrf52832_xxaa/bsp.c.o
 .bss.m_stable_state
                0x20003388        0x1 _build/nrf52832_xxaa/bsp.c.o
 *fill*         0x20003389        0x3 
 .bss.m_alert_timer_id_data
                0x2000338c       0x20 _build/nrf52832_xxaa/bsp.c.o
 .bss.release_event_at_push.7293
                0x200033ac        0x4 _build/nrf52832_xxaa/bsp.c.o
 .bss.m_events_list
                0x200033b0        0xc _build/nrf52832_xxaa/bsp.c.o
 .bss.m_error_handler
                0x200033bc        0x4 _build/nrf52832_xxaa/bsp_btn_ble.c.o
 .bss.m_num_connections
                0x200033c0        0x4 _build/nrf52832_xxaa/bsp_btn_ble.c.o
 .bss._acDownBuffer
                0x200033c4       0x10 _build/nrf52832_xxaa/SEGGER_RTT.c.o
 .bss._acUpBuffer
                0x200033d4      0x200 _build/nrf52832_xxaa/SEGGER_RTT.c.o
 .bss.m_conn_params_config
                0x200035d4       0x1c _build/nrf52832_xxaa/ble_conn_params.c.o
 .bss.m_conn_params_instances
                0x200035f0       0x14 _build/nrf52832_xxaa/ble_conn_params.c.o
 .bss.m_timer_data
                0x20003604       0x20 _build/nrf52832_xxaa/ble_conn_params.c.o
 .bss.m_preferred_conn_params
                0x20003624        0x8 _build/nrf52832_xxaa/ble_conn_params.c.o
 .bss.m_bcs     0x2000362c       0xb8 _build/nrf52832_xxaa/ble_conn_state.c.o
 .bss.m_nrf_sdh_enabled
                0x200036e4        0x1 _build/nrf52832_xxaa/nrf_sdh.c.o
 .bss.m_nrf_sdh_continue
                0x200036e5        0x1 _build/nrf52832_xxaa/nrf_sdh.c.o
 .bss.m_nrf_sdh_suspended
                0x200036e6        0x1 _build/nrf52832_xxaa/nrf_sdh.c.o
 *fill*         0x200036e7        0x1 
 .bss.m_advertising
                0x200036e8       0xd8 _build/nrf52832_xxaa/nrf52SDKWrap.c.o
 .bss.rx_buf.10727
                0x200037c0      0x200 _build/nrf52832_xxaa/nrf52SDKWrap.c.o
 .bss.m_gatt    0x200039c0       0x14 _build/nrf52832_xxaa/nrf52SDKWrap.c.o
 .bss.tx_buf.10728
                0x200039d4      0x200 _build/nrf52832_xxaa/nrf52SDKWrap.c.o
 .bss.m_nus     0x20003bd4       0x1c _build/nrf52832_xxaa/nrf52SDKWrap.c.o
 .bss.__malloc_sbrk_start
                0x20003bf0        0x4 c:/program files (x86)/gnu tools arm embedded/4.9 2015q3/bin/../lib/gcc/arm-none-eabi/4.9.3/../../../../arm-none-eabi/lib/armv7e-m/fpu\libc_nano.a(lib_a-nano-mallocr.o)
                0x20003bf0                __malloc_sbrk_start
 .bss.__malloc_free_list
                0x20003bf4        0x4 c:/program files (x86)/gnu tools arm embedded/4.9 2015q3/bin/../lib/gcc/arm-none-eabi/4.9.3/../../../../arm-none-eabi/lib/armv7e-m/fpu\libc_nano.a(lib_a-nano-mallocr.o)
                0x20003bf4                __malloc_free_list
 .bss.heap_end.4079
                0x20003bf8        0x4 c:/program files (x86)/gnu tools arm embedded/4.9 2015q3/bin/../lib/gcc/arm-none-eabi/4.9.3/../../../../arm-none-eabi/lib/armv7e-m/fpu\libnosys.a(sbrk.o)
 *(COMMON)
 COMMON         0x20003bfc        0xc _build/nrf52832_xxaa/app_util_platform.c.o
                0x20003bfc                nrf_nvic_state
 COMMON         0x20003c08        0x2 _build/nrf52832_xxaa/main.c.o
                0x20003c08                fifoSize
 *fill*         0x20003c0a        0x2 
 COMMON         0x20003c0c       0x78 _build/nrf52832_xxaa/SEGGER_RTT.c.o
                0x20003c0c                _SEGGER_RTT
 COMMON         0x20003c84       0xa2 _build/nrf52832_xxaa/nrf52SDKWrap.c.o
                0x20003c84                uartByte
                0x20003c88                power
                0x20003c94                shortNameLengthArray
                0x20003c98                uartfifo
                0x20003ca4                advInterval
                0x20003cb0                attMtuSizeArray
                0x20003cb4                uart_buffer
                0x20003ce8                client_data_handler
                0x20003cec                slaveLatency
                0x20003cf8                minConInt
                0x20003d04                deviceName
                0x20003d18                commands
                0x20003d1c                maxConInt
 *fill*         0x20003d26        0x2 
 COMMON         0x20003d28        0x4 c:/program files (x86)/gnu tools arm embedded/4.9 2015q3/bin/../lib/gcc/arm-none-eabi/4.9.3/../../../../arm-none-eabi/lib/armv7e-m/fpu\libc_nano.a(lib_a-reent.o)
                0x20003d28                errno
                0x20003d2c                . = ALIGN (0x4)
                0x20003d2c                __bss_end__ = .

.heap           0x20003d30     0x2000
                0x20003d30                __HeapBase = .
                0x20003d30                __end__ = .
                0x20003d30                PROVIDE (end, .)
 *(.heap*)
 .heap          0x20003d30     0x2000 _build/nrf52832_xxaa/gcc_startup_nrf52.S.o
                0x20005d30                __HeapLimit = .

.stack_dummy    0x20003d30     0x2000
 *(.stack*)
 .stack         0x20003d30     0x2000 _build/nrf52832_xxaa/gcc_startup_nrf52.S.o
                0x20010000                __StackTop = (ORIGIN (RAM) + 0xd598)
                0x2000e000                __StackLimit = (__StackTop - SIZEOF (.stack_dummy))
                0x20010000                PROVIDE (__stack, __StackTop)
                0x00000001                ASSERT ((__StackLimit >= __HeapLimit), region RAM overflowed with stack)
                0x00000144                DataInitFlashUsed = (__bss_start__ - __data_start__)
                0x0000a660                CodeFlashUsed = (__etext - ORIGIN (FLASH))
                0x0000a7a4                TotalFlashUsed = (CodeFlashUsed + DataInitFlashUsed)
                0x00000001                ASSERT ((TotalFlashUsed <= 0x5d000), region FLASH overflowed with .data and user data)
OUTPUT(_build/nrf52832_xxaa.out elf32-littlearm)

.ARM.attributes
                0x00000000       0x30
 .ARM.attributes
                0x00000000       0x22 c:/program files (x86)/gnu tools arm embedded/4.9 2015q3/bin/../lib/gcc/arm-none-eabi/4.9.3/armv7e-m/fpu/crti.o
 .ARM.attributes
                0x00000022       0x34 c:/program files (x86)/gnu tools arm embedded/4.9 2015q3/bin/../lib/gcc/arm-none-eabi/4.9.3/armv7e-m/fpu/crtbegin.o
 .ARM.attributes
                0x00000056       0x20 c:/program files (x86)/gnu tools arm embedded/4.9 2015q3/bin/../lib/gcc/arm-none-eabi/4.9.3/../../../../arm-none-eabi/lib/armv7e-m/fpu/crt0.o
 .ARM.attributes
                0x00000076       0x39 _build/nrf52832_xxaa/nrf_log_backend_rtt.c.o
 .ARM.attributes
                0x000000af       0x39 _build/nrf52832_xxaa/nrf_log_backend_serial.c.o
 .ARM.attributes
                0x000000e8       0x39 _build/nrf52832_xxaa/nrf_log_default_backends.c.o
 .ARM.attributes
                0x00000121       0x39 _build/nrf52832_xxaa/nrf_log_frontend.c.o
 .ARM.attributes
                0x0000015a       0x39 _build/nrf52832_xxaa/nrf_log_str_formatter.c.o
 .ARM.attributes
                0x00000193       0x39 _build/nrf52832_xxaa/app_button.c.o
 .ARM.attributes
                0x000001cc       0x39 _build/nrf52832_xxaa/app_error.c.o
 .ARM.attributes
                0x00000205       0x39 _build/nrf52832_xxaa/app_error_weak.c.o
 .ARM.attributes
                0x0000023e       0x39 _build/nrf52832_xxaa/app_fifo.c.o
 .ARM.attributes
                0x00000277       0x39 _build/nrf52832_xxaa/app_timer.c.o
 .ARM.attributes
                0x000002b0       0x39 _build/nrf52832_xxaa/app_uart_fifo.c.o
 .ARM.attributes
                0x000002e9       0x39 _build/nrf52832_xxaa/app_util_platform.c.o
 .ARM.attributes
                0x00000322       0x39 _build/nrf52832_xxaa/nrf_atfifo.c.o
 .ARM.attributes
                0x0000035b       0x39 _build/nrf52832_xxaa/nrf_balloc.c.o
 .ARM.attributes
                0x00000394       0x39 _build/nrf52832_xxaa/nrf_fprintf.c.o
 .ARM.attributes
                0x000003cd       0x39 _build/nrf52832_xxaa/nrf_fprintf_format.c.o
 .ARM.attributes
                0x00000406       0x39 _build/nrf52832_xxaa/nrf_fstorage.c.o
 .ARM.attributes
                0x0000043f       0x39 _build/nrf52832_xxaa/nrf_fstorage_sd.c.o
 .ARM.attributes
                0x00000478       0x39 _build/nrf52832_xxaa/nrf_memobj.c.o
 .ARM.attributes
                0x000004b1       0x39 _build/nrf52832_xxaa/nrf_pwr_mgmt.c.o
 .ARM.attributes
                0x000004ea       0x39 _build/nrf52832_xxaa/nrf_section_iter.c.o
 .ARM.attributes
                0x00000523       0x39 _build/nrf52832_xxaa/nrf_strerror.c.o
 .ARM.attributes
                0x0000055c       0x39 _build/nrf52832_xxaa/retarget.c.o
 .ARM.attributes
                0x00000595       0x39 _build/nrf52832_xxaa/sdk_mapped_flags.c.o
 .ARM.attributes
                0x000005ce       0x39 _build/nrf52832_xxaa/boards.c.o
 .ARM.attributes
                0x00000607       0x39 _build/nrf52832_xxaa/nrf_drv_clock.c.o
 .ARM.attributes
                0x00000640       0x39 _build/nrf52832_xxaa/nrf_drv_common.c.o
 .ARM.attributes
                0x00000679       0x39 _build/nrf52832_xxaa/nrf_drv_gpiote.c.o
 .ARM.attributes
                0x000006b2       0x39 _build/nrf52832_xxaa/nrf_drv_uart.c.o
 .ARM.attributes
                0x000006eb       0x39 _build/nrf52832_xxaa/bsp.c.o
 .ARM.attributes
                0x00000724       0x39 _build/nrf52832_xxaa/bsp_btn_ble.c.o
 .ARM.attributes
                0x0000075d       0x39 _build/nrf52832_xxaa/main.c.o
 .ARM.attributes
                0x00000796       0x39 _build/nrf52832_xxaa/SEGGER_RTT.c.o
 .ARM.attributes
                0x000007cf       0x39 _build/nrf52832_xxaa/ble_advdata.c.o
 .ARM.attributes
                0x00000808       0x39 _build/nrf52832_xxaa/ble_advertising.c.o
 .ARM.attributes
                0x00000841       0x39 _build/nrf52832_xxaa/ble_conn_params.c.o
 .ARM.attributes
                0x0000087a       0x39 _build/nrf52832_xxaa/ble_conn_state.c.o
 .ARM.attributes
                0x000008b3       0x39 _build/nrf52832_xxaa/ble_srv_common.c.o
 .ARM.attributes
                0x000008ec       0x39 _build/nrf52832_xxaa/nrf_ble_gatt.c.o
 .ARM.attributes
                0x00000925       0x20 _build/nrf52832_xxaa/gcc_startup_nrf52.S.o
 .ARM.attributes
                0x00000945       0x39 _build/nrf52832_xxaa/system_nrf52.c.o
 .ARM.attributes
                0x0000097e       0x39 _build/nrf52832_xxaa/ble_nus.c.o
 .ARM.attributes
                0x000009b7       0x39 _build/nrf52832_xxaa/nrf_sdh.c.o
 .ARM.attributes
                0x000009f0       0x39 _build/nrf52832_xxaa/nrf_sdh_ble.c.o
 .ARM.attributes
                0x00000a29       0x39 _build/nrf52832_xxaa/nrf_sdh_soc.c.o
 .ARM.attributes
                0x00000a62       0x39 _build/nrf52832_xxaa/nrf52SDKWrap.c.o
 .ARM.attributes
                0x00000a9b       0x39 _build/nrf52832_xxaa/fifo.c.o
 .ARM.attributes
                0x00000ad4       0x34 c:/program files (x86)/gnu tools arm embedded/4.9 2015q3/bin/../lib/gcc/arm-none-eabi/4.9.3/../../../../arm-none-eabi/lib/armv7e-m/fpu\libc_nano.a(lib_a-atoi.o)
 .ARM.attributes
                0x00000b08       0x34 c:/program files (x86)/gnu tools arm embedded/4.9 2015q3/bin/../lib/gcc/arm-none-eabi/4.9.3/../../../../arm-none-eabi/lib/armv7e-m/fpu\libc_nano.a(lib_a-ctype_.o)
 .ARM.attributes
                0x00000b3c       0x34 c:/program files (x86)/gnu tools arm embedded/4.9 2015q3/bin/../lib/gcc/arm-none-eabi/4.9.3/../../../../arm-none-eabi/lib/armv7e-m/fpu\libc_nano.a(lib_a-exit.o)
 .ARM.attributes